   1              		.cpu cortex-m0
   2              		.fpu softvfp
   3              		.eabi_attribute 20, 1
   4              		.eabi_attribute 21, 1
   5              		.eabi_attribute 23, 3
   6              		.eabi_attribute 24, 1
   7              		.eabi_attribute 25, 1
   8              		.eabi_attribute 26, 1
   9              		.eabi_attribute 30, 6
  10              		.eabi_attribute 34, 0
  11              		.eabi_attribute 18, 4
  12              		.code	16
  13              		.file	"kinetis_sysinit.c"
  14              		.text
  15              	.Ltext0:
  16              		.cfi_sections	.debug_frame
  17              		.section	.text.Default_Handler,"ax",%progbits
  18              		.align	2
  19              		.global	Default_Handler
  20              		.code	16
  21              		.thumb_func
  23              	Default_Handler:
  24              	.LFB0:
  25              		.file 1 "../Project_Settings/Startup_Code/kinetis_sysinit.c"
   1:../Project_Settings/Startup_Code/kinetis_sysinit.c **** /*
   2:../Project_Settings/Startup_Code/kinetis_sysinit.c ****  *    kinetis_sysinit.c - Default init routines for Flycatcher
   3:../Project_Settings/Startup_Code/kinetis_sysinit.c ****  *                     		Kinetis ARM systems
   4:../Project_Settings/Startup_Code/kinetis_sysinit.c ****  *    Copyright © 2012 Freescale semiConductor Inc. All Rights Reserved.
   5:../Project_Settings/Startup_Code/kinetis_sysinit.c ****  */
   6:../Project_Settings/Startup_Code/kinetis_sysinit.c ****  
   7:../Project_Settings/Startup_Code/kinetis_sysinit.c **** #include "kinetis_sysinit.h"
   8:../Project_Settings/Startup_Code/kinetis_sysinit.c **** #include "derivative.h"
   9:../Project_Settings/Startup_Code/kinetis_sysinit.c **** 
  10:../Project_Settings/Startup_Code/kinetis_sysinit.c **** /**
  11:../Project_Settings/Startup_Code/kinetis_sysinit.c ****  **===========================================================================
  12:../Project_Settings/Startup_Code/kinetis_sysinit.c ****  **  External declarations
  13:../Project_Settings/Startup_Code/kinetis_sysinit.c ****  **===========================================================================
  14:../Project_Settings/Startup_Code/kinetis_sysinit.c ****  */
  15:../Project_Settings/Startup_Code/kinetis_sysinit.c **** #if __cplusplus
  16:../Project_Settings/Startup_Code/kinetis_sysinit.c **** extern "C" {
  17:../Project_Settings/Startup_Code/kinetis_sysinit.c **** #endif
  18:../Project_Settings/Startup_Code/kinetis_sysinit.c **** extern uint32_t __vector_table[];
  19:../Project_Settings/Startup_Code/kinetis_sysinit.c **** extern unsigned long _estack;
  20:../Project_Settings/Startup_Code/kinetis_sysinit.c **** extern void __thumb_startup(void);
  21:../Project_Settings/Startup_Code/kinetis_sysinit.c **** #if __cplusplus
  22:../Project_Settings/Startup_Code/kinetis_sysinit.c **** }
  23:../Project_Settings/Startup_Code/kinetis_sysinit.c **** #endif
  24:../Project_Settings/Startup_Code/kinetis_sysinit.c **** 
  25:../Project_Settings/Startup_Code/kinetis_sysinit.c **** /**
  26:../Project_Settings/Startup_Code/kinetis_sysinit.c ****  **===========================================================================
  27:../Project_Settings/Startup_Code/kinetis_sysinit.c ****  **  Default interrupt handler
  28:../Project_Settings/Startup_Code/kinetis_sysinit.c ****  **===========================================================================
  29:../Project_Settings/Startup_Code/kinetis_sysinit.c ****  */
  30:../Project_Settings/Startup_Code/kinetis_sysinit.c **** void Default_Handler()
  31:../Project_Settings/Startup_Code/kinetis_sysinit.c **** {
  26              		.loc 1 31 0
  27              		.cfi_startproc
  28 0000 80B5     		push	{r7, lr}
  29              	.LCFI0:
  30              		.cfi_def_cfa_offset 8
  31              		.cfi_offset 7, -8
  32              		.cfi_offset 14, -4
  33 0002 00AF     		add	r7, sp, #0
  34              	.LCFI1:
  35              		.cfi_def_cfa_register 7
  32:../Project_Settings/Startup_Code/kinetis_sysinit.c **** 	__asm("bkpt");
  36              		.loc 1 32 0
  37              	@ 32 "../Project_Settings/Startup_Code/kinetis_sysinit.c" 1
  38 0004 00BE     		bkpt
  39              	@ 0 "" 2
  33:../Project_Settings/Startup_Code/kinetis_sysinit.c **** }
  40              		.loc 1 33 0
  41              		.code	16
  42 0006 BD46     		mov	sp, r7
  43              		@ sp needed for prologue
  44 0008 80BD     		pop	{r7, pc}
  45              		.cfi_endproc
  46              	.LFE0:
  48 000a C046     		.section	.text.__init_hardware,"ax",%progbits
  49              		.align	2
  50              		.global	__init_hardware
  51              		.code	16
  52              		.thumb_func
  54              	__init_hardware:
  55              	.LFB1:
  34:../Project_Settings/Startup_Code/kinetis_sysinit.c **** 
  35:../Project_Settings/Startup_Code/kinetis_sysinit.c **** /**
  36:../Project_Settings/Startup_Code/kinetis_sysinit.c ****  **===========================================================================
  37:../Project_Settings/Startup_Code/kinetis_sysinit.c ****  **  Reset handler
  38:../Project_Settings/Startup_Code/kinetis_sysinit.c ****  **===========================================================================
  39:../Project_Settings/Startup_Code/kinetis_sysinit.c ****  */
  40:../Project_Settings/Startup_Code/kinetis_sysinit.c **** void __init_hardware()
  41:../Project_Settings/Startup_Code/kinetis_sysinit.c **** {
  56              		.loc 1 41 0
  57              		.cfi_startproc
  58 0000 80B5     		push	{r7, lr}
  59              	.LCFI2:
  60              		.cfi_def_cfa_offset 8
  61              		.cfi_offset 7, -8
  62              		.cfi_offset 14, -4
  63 0002 00AF     		add	r7, sp, #0
  64              	.LCFI3:
  65              		.cfi_def_cfa_register 7
  42:../Project_Settings/Startup_Code/kinetis_sysinit.c **** 	SCB_VTOR = (uint32_t)__vector_table; /* Set the interrupt vector table position */
  66              		.loc 1 42 0
  67 0004 054A     		ldr	r2, .L3
  68 0006 0649     		ldr	r1, .L3+4
  69 0008 064B     		ldr	r3, .L3+8
  70 000a D150     		str	r1, [r2, r3]
  43:../Project_Settings/Startup_Code/kinetis_sysinit.c **** 	
  44:../Project_Settings/Startup_Code/kinetis_sysinit.c **** 	// Disable the Watchdog because it may reset the core before entering main().
  45:../Project_Settings/Startup_Code/kinetis_sysinit.c **** 	SIM_COPC = KINETIS_WDOG_DISABLED_CTRL;
  71              		.loc 1 45 0
  72 000c 064A     		ldr	r2, .L3+12
  73 000e 8823     		mov	r3, #136
  74 0010 5B01     		lsl	r3, r3, #5
  75 0012 0021     		mov	r1, #0
  76 0014 D150     		str	r1, [r2, r3]
  46:../Project_Settings/Startup_Code/kinetis_sysinit.c **** }
  77              		.loc 1 46 0
  78 0016 BD46     		mov	sp, r7
  79              		@ sp needed for prologue
  80 0018 80BD     		pop	{r7, pc}
  81              	.L4:
  82 001a C046     		.align	2
  83              	.L3:
  84 001c 00E000E0 		.word	-536813568
  85 0020 00000000 		.word	__vector_table
  86 0024 080D0000 		.word	3336
  87 0028 00700440 		.word	1074032640
  88              		.cfi_endproc
  89              	.LFE1:
  91              		.global	InterruptVector
  92              		.section	.vectortable,"a",%progbits
  93              		.align	2
  96              	InterruptVector:
  97 0000 00000000 		.word	_estack
  98 0004 00000000 		.word	__thumb_startup
  99 0008 00000000 		.word	NMI_Handler
 100 000c 00000000 		.word	HardFault_Handler
 101 0010 00000000 		.word	0
 102 0014 00000000 		.word	0
 103 0018 00000000 		.word	0
 104 001c 00000000 		.word	0
 105 0020 00000000 		.word	0
 106 0024 00000000 		.word	0
 107 0028 00000000 		.word	0
 108 002c 00000000 		.word	SVC_Handler
 109 0030 00000000 		.word	0
 110 0034 00000000 		.word	0
 111 0038 00000000 		.word	PendSV_Handler
 112 003c 00000000 		.word	SysTick_Handler
 113 0040 00000000 		.word	DMA0_IRQHandler
 114 0044 00000000 		.word	DMA1_IRQHandler
 115 0048 00000000 		.word	DMA2_IRQHandler
 116 004c 00000000 		.word	DMA3_IRQHandler
 117 0050 00000000 		.word	MCM_IRQHandler
 118 0054 00000000 		.word	FTFL_IRQHandler
 119 0058 00000000 		.word	PMC_IRQHandler
 120 005c 00000000 		.word	LLW_IRQHandler
 121 0060 00000000 		.word	I2C0_IRQHandler
 122 0064 00000000 		.word	I2C1_IRQHandler
 123 0068 00000000 		.word	SPI0_IRQHandler
 124 006c 00000000 		.word	SPI1_IRQHandler
 125 0070 00000000 		.word	UART0_IRQHandler
 126 0074 00000000 		.word	UART1_IRQHandler
 127 0078 00000000 		.word	UART2_IRQHandler
 128 007c 00000000 		.word	ADC0_IRQHandler
 129 0080 00000000 		.word	CMP0_IRQHandler
 130 0084 00000000 		.word	FTM0_IRQHandler
 131 0088 00000000 		.word	FTM1_IRQHandler
 132 008c 00000000 		.word	FTM2_IRQHandler
 133 0090 00000000 		.word	RTC_Alarm_IRQHandler
 134 0094 00000000 		.word	RTC_Seconds_IRQHandler
 135 0098 00000000 		.word	PIT_IRQHandler
 136 009c 00000000 		.word	Default_Handler
 137 00a0 00000000 		.word	USBOTG_IRQHandler
 138 00a4 00000000 		.word	DAC0_IRQHandler
 139 00a8 00000000 		.word	TSI0_IRQHandler
 140 00ac 00000000 		.word	MCG_IRQHandler
 141 00b0 00000000 		.word	LPTimer_IRQHandler
 142 00b4 00000000 		.word	Default_Handler
 143 00b8 00000000 		.word	PORTA_IRQHandler
 144 00bc 00000000 		.word	PORTD_IRQHandler
 145              		.weak	NMI_Handler
 146              		.thumb_set NMI_Handler,Default_Handler
 147              		.weak	HardFault_Handler
 148              		.thumb_set HardFault_Handler,Default_Handler
 149              		.weak	SVC_Handler
 150              		.thumb_set SVC_Handler,Default_Handler
 151              		.weak	PendSV_Handler
 152              		.thumb_set PendSV_Handler,Default_Handler
 153              		.weak	SysTick_Handler
 154              		.thumb_set SysTick_Handler,Default_Handler
 155              		.weak	DMA0_IRQHandler
 156              		.thumb_set DMA0_IRQHandler,Default_Handler
 157              		.weak	DMA1_IRQHandler
 158              		.thumb_set DMA1_IRQHandler,Default_Handler
 159              		.weak	DMA2_IRQHandler
 160              		.thumb_set DMA2_IRQHandler,Default_Handler
 161              		.weak	DMA3_IRQHandler
 162              		.thumb_set DMA3_IRQHandler,Default_Handler
 163              		.weak	MCM_IRQHandler
 164              		.thumb_set MCM_IRQHandler,Default_Handler
 165              		.weak	FTFL_IRQHandler
 166              		.thumb_set FTFL_IRQHandler,Default_Handler
 167              		.weak	PMC_IRQHandler
 168              		.thumb_set PMC_IRQHandler,Default_Handler
 169              		.weak	LLW_IRQHandler
 170              		.thumb_set LLW_IRQHandler,Default_Handler
 171              		.weak	I2C0_IRQHandler
 172              		.thumb_set I2C0_IRQHandler,Default_Handler
 173              		.weak	I2C1_IRQHandler
 174              		.thumb_set I2C1_IRQHandler,Default_Handler
 175              		.weak	SPI0_IRQHandler
 176              		.thumb_set SPI0_IRQHandler,Default_Handler
 177              		.weak	SPI1_IRQHandler
 178              		.thumb_set SPI1_IRQHandler,Default_Handler
 179              		.weak	UART0_IRQHandler
 180              		.thumb_set UART0_IRQHandler,Default_Handler
 181              		.weak	UART1_IRQHandler
 182              		.thumb_set UART1_IRQHandler,Default_Handler
 183              		.weak	UART2_IRQHandler
 184              		.thumb_set UART2_IRQHandler,Default_Handler
 185              		.weak	ADC0_IRQHandler
 186              		.thumb_set ADC0_IRQHandler,Default_Handler
 187              		.weak	CMP0_IRQHandler
 188              		.thumb_set CMP0_IRQHandler,Default_Handler
 189              		.weak	FTM0_IRQHandler
 190              		.thumb_set FTM0_IRQHandler,Default_Handler
 191              		.weak	FTM1_IRQHandler
 192              		.thumb_set FTM1_IRQHandler,Default_Handler
 193              		.weak	FTM2_IRQHandler
 194              		.thumb_set FTM2_IRQHandler,Default_Handler
 195              		.weak	RTC_Alarm_IRQHandler
 196              		.thumb_set RTC_Alarm_IRQHandler,Default_Handler
 197              		.weak	RTC_Seconds_IRQHandler
 198              		.thumb_set RTC_Seconds_IRQHandler,Default_Handler
 199              		.weak	PIT_IRQHandler
 200              		.thumb_set PIT_IRQHandler,Default_Handler
 201              		.weak	USBOTG_IRQHandler
 202              		.thumb_set USBOTG_IRQHandler,Default_Handler
 203              		.weak	DAC0_IRQHandler
 204              		.thumb_set DAC0_IRQHandler,Default_Handler
 205              		.weak	TSI0_IRQHandler
 206              		.thumb_set TSI0_IRQHandler,Default_Handler
 207              		.weak	MCG_IRQHandler
 208              		.thumb_set MCG_IRQHandler,Default_Handler
 209              		.weak	LPTimer_IRQHandler
 210              		.thumb_set LPTimer_IRQHandler,Default_Handler
 211              		.weak	PORTA_IRQHandler
 212              		.thumb_set PORTA_IRQHandler,Default_Handler
 213              		.weak	PORTD_IRQHandler
 214              		.thumb_set PORTD_IRQHandler,Default_Handler
 215              		.text
 216              	.Letext0:
 217              		.file 2 "C:/Freescale/CW MCU v10.3/MCU/ARM_GCC_Support/ewl/EWL_C/include/cstdint"
 218              		.file 3 "C:/Users/plexu_000/Dropbox/FRDM-TFC/SRC/FRDM-TFC/Project_Headers/MKL25Z4.h"
DEFINED SYMBOLS
                            *ABS*:00000000 kinetis_sysinit.c
C:\Users\PLEXU_~1\AppData\Local\Temp\cck2zQ5U.s:18     .text.Default_Handler:00000000 $t
C:\Users\PLEXU_~1\AppData\Local\Temp\cck2zQ5U.s:23     .text.Default_Handler:00000000 Default_Handler
C:\Users\PLEXU_~1\AppData\Local\Temp\cck2zQ5U.s:49     .text.__init_hardware:00000000 $t
C:\Users\PLEXU_~1\AppData\Local\Temp\cck2zQ5U.s:54     .text.__init_hardware:00000000 __init_hardware
C:\Users\PLEXU_~1\AppData\Local\Temp\cck2zQ5U.s:84     .text.__init_hardware:0000001c $d
C:\Users\PLEXU_~1\AppData\Local\Temp\cck2zQ5U.s:96     .vectortable:00000000 InterruptVector
C:\Users\PLEXU_~1\AppData\Local\Temp\cck2zQ5U.s:93     .vectortable:00000000 $d
C:\Users\PLEXU_~1\AppData\Local\Temp\cck2zQ5U.s:23     .text.Default_Handler:00000000 NMI_Handler
C:\Users\PLEXU_~1\AppData\Local\Temp\cck2zQ5U.s:23     .text.Default_Handler:00000000 HardFault_Handler
C:\Users\PLEXU_~1\AppData\Local\Temp\cck2zQ5U.s:23     .text.Default_Handler:00000000 SVC_Handler
C:\Users\PLEXU_~1\AppData\Local\Temp\cck2zQ5U.s:23     .text.Default_Handler:00000000 PendSV_Handler
C:\Users\PLEXU_~1\AppData\Local\Temp\cck2zQ5U.s:23     .text.Default_Handler:00000000 SysTick_Handler
C:\Users\PLEXU_~1\AppData\Local\Temp\cck2zQ5U.s:23     .text.Default_Handler:00000000 DMA0_IRQHandler
C:\Users\PLEXU_~1\AppData\Local\Temp\cck2zQ5U.s:23     .text.Default_Handler:00000000 DMA1_IRQHandler
C:\Users\PLEXU_~1\AppData\Local\Temp\cck2zQ5U.s:23     .text.Default_Handler:00000000 DMA2_IRQHandler
C:\Users\PLEXU_~1\AppData\Local\Temp\cck2zQ5U.s:23     .text.Default_Handler:00000000 DMA3_IRQHandler
C:\Users\PLEXU_~1\AppData\Local\Temp\cck2zQ5U.s:23     .text.Default_Handler:00000000 MCM_IRQHandler
C:\Users\PLEXU_~1\AppData\Local\Temp\cck2zQ5U.s:23     .text.Default_Handler:00000000 FTFL_IRQHandler
C:\Users\PLEXU_~1\AppData\Local\Temp\cck2zQ5U.s:23     .text.Default_Handler:00000000 PMC_IRQHandler
C:\Users\PLEXU_~1\AppData\Local\Temp\cck2zQ5U.s:23     .text.Default_Handler:00000000 LLW_IRQHandler
C:\Users\PLEXU_~1\AppData\Local\Temp\cck2zQ5U.s:23     .text.Default_Handler:00000000 I2C0_IRQHandler
C:\Users\PLEXU_~1\AppData\Local\Temp\cck2zQ5U.s:23     .text.Default_Handler:00000000 I2C1_IRQHandler
C:\Users\PLEXU_~1\AppData\Local\Temp\cck2zQ5U.s:23     .text.Default_Handler:00000000 SPI0_IRQHandler
C:\Users\PLEXU_~1\AppData\Local\Temp\cck2zQ5U.s:23     .text.Default_Handler:00000000 SPI1_IRQHandler
C:\Users\PLEXU_~1\AppData\Local\Temp\cck2zQ5U.s:23     .text.Default_Handler:00000000 UART0_IRQHandler
C:\Users\PLEXU_~1\AppData\Local\Temp\cck2zQ5U.s:23     .text.Default_Handler:00000000 UART1_IRQHandler
C:\Users\PLEXU_~1\AppData\Local\Temp\cck2zQ5U.s:23     .text.Default_Handler:00000000 UART2_IRQHandler
C:\Users\PLEXU_~1\AppData\Local\Temp\cck2zQ5U.s:23     .text.Default_Handler:00000000 ADC0_IRQHandler
C:\Users\PLEXU_~1\AppData\Local\Temp\cck2zQ5U.s:23     .text.Default_Handler:00000000 CMP0_IRQHandler
C:\Users\PLEXU_~1\AppData\Local\Temp\cck2zQ5U.s:23     .text.Default_Handler:00000000 FTM0_IRQHandler
C:\Users\PLEXU_~1\AppData\Local\Temp\cck2zQ5U.s:23     .text.Default_Handler:00000000 FTM1_IRQHandler
C:\Users\PLEXU_~1\AppData\Local\Temp\cck2zQ5U.s:23     .text.Default_Handler:00000000 FTM2_IRQHandler
C:\Users\PLEXU_~1\AppData\Local\Temp\cck2zQ5U.s:23     .text.Default_Handler:00000000 RTC_Alarm_IRQHandler
C:\Users\PLEXU_~1\AppData\Local\Temp\cck2zQ5U.s:23     .text.Default_Handler:00000000 RTC_Seconds_IRQHandler
C:\Users\PLEXU_~1\AppData\Local\Temp\cck2zQ5U.s:23     .text.Default_Handler:00000000 PIT_IRQHandler
C:\Users\PLEXU_~1\AppData\Local\Temp\cck2zQ5U.s:23     .text.Default_Handler:00000000 USBOTG_IRQHandler
C:\Users\PLEXU_~1\AppData\Local\Temp\cck2zQ5U.s:23     .text.Default_Handler:00000000 DAC0_IRQHandler
C:\Users\PLEXU_~1\AppData\Local\Temp\cck2zQ5U.s:23     .text.Default_Handler:00000000 TSI0_IRQHandler
C:\Users\PLEXU_~1\AppData\Local\Temp\cck2zQ5U.s:23     .text.Default_Handler:00000000 MCG_IRQHandler
C:\Users\PLEXU_~1\AppData\Local\Temp\cck2zQ5U.s:23     .text.Default_Handler:00000000 LPTimer_IRQHandler
C:\Users\PLEXU_~1\AppData\Local\Temp\cck2zQ5U.s:23     .text.Default_Handler:00000000 PORTA_IRQHandler
C:\Users\PLEXU_~1\AppData\Local\Temp\cck2zQ5U.s:23     .text.Default_Handler:00000000 PORTD_IRQHandler
                     .debug_frame:00000010 $d

UNDEFINED SYMBOLS
__vector_table
_estack
__thumb_startup
