Archive member included because of file (symbol)

C:/Freescale/CW MCU v10.3/MCU/ARM_GCC_Support/ewl/lib/armv6-m\libc.a(sscanf.o)
                              ./Sources/TFC/TFC_Terminal_c.obj (sscanf)
C:/Freescale/CW MCU v10.3/MCU/ARM_GCC_Support/ewl/lib/armv6-m\libc.a(vsprintf.o)
                              ./Sources/TFC/TFC_Queue_c.obj (vsprintf)
C:/Freescale/CW MCU v10.3/MCU/ARM_GCC_Support/ewl/lib/armv6-m\libc.a(vsscanf.o)
                              C:/Freescale/CW MCU v10.3/MCU/ARM_GCC_Support/ewl/lib/armv6-m\libc.a(sscanf.o) (vsscanf)
C:/Freescale/CW MCU v10.3/MCU/ARM_GCC_Support/ewl/lib/armv6-m\libc.a(exit.o)
                              ./Project_Settings/Startup_Code/__arm_start_c.obj (exit)
C:/Freescale/CW MCU v10.3/MCU/ARM_GCC_Support/ewl/lib/armv6-m\libc.a(memset.o)
                              ./Project_Settings/Startup_Code/__arm_start_c.obj (memset)
C:/Freescale/CW MCU v10.3/MCU/ARM_GCC_Support/ewl/lib/armv6-m\libc.a(strcmp.o)
                              ./Sources/TFC/TFC_Terminal_c.obj (strcmp)
C:/Freescale/CW MCU v10.3/MCU/ARM_GCC_Support/ewl/lib/armv6-m\libc.a(strcpy.o)
                              ./Sources/TFC/TFC_Terminal_c.obj (strcpy)
C:/Freescale/CW MCU v10.3/MCU/ARM_GCC_Support/ewl/lib/armv6-m\libc.a(strlen.o)
                              ./Sources/TFC/TFC_Queue_c.obj (strlen)
C:/Freescale/CW MCU v10.3/MCU/ARM_GCC_Support/ewl/lib/armv6-m\libc.a(printformat_.o)
                              (__pformatter_)
C:/Freescale/CW MCU v10.3/MCU/ARM_GCC_Support/ewl/lib/armv6-m\libc.a(scanformat_.o)
                              (__sformatter)
C:/Freescale/CW MCU v10.3/MCU/ARM_GCC_Support/ewl/lib/armv6-m\libc.a(ctype_aeabi.o)
                              C:/Freescale/CW MCU v10.3/MCU/ARM_GCC_Support/ewl/lib/armv6-m\libc.a(scanformat_.o) (isspace)
C:/Freescale/CW MCU v10.3/MCU/ARM_GCC_Support/ewl/lib/armv6-m\libc.a(vsnprintf.o)
                              C:/Freescale/CW MCU v10.3/MCU/ARM_GCC_Support/ewl/lib/armv6-m\libc.a(vsprintf.o) (vsnprintf)
C:/Freescale/CW MCU v10.3/MCU/ARM_GCC_Support/ewl/lib/armv6-m\libc.a(__strtoul.o)
                              C:/Freescale/CW MCU v10.3/MCU/ARM_GCC_Support/ewl/lib/armv6-m\libc.a(scanformat_.o) (__strtoul)
C:/Freescale/CW MCU v10.3/MCU/ARM_GCC_Support/ewl/lib/armv6-m\libc.a(__filll_mem.o)
                              C:/Freescale/CW MCU v10.3/MCU/ARM_GCC_Support/ewl/lib/armv6-m\libc.a(memset.o) (__fill_mem)
C:/Freescale/CW MCU v10.3/MCU/ARM_GCC_Support/ewl/lib/armv6-m\libc.a(memchr.o)
                              C:/Freescale/CW MCU v10.3/MCU/ARM_GCC_Support/ewl/lib/armv6-m\libc.a(printformat_.o) (memchr)
C:/Freescale/CW MCU v10.3/MCU/ARM_GCC_Support/ewl/lib/armv6-m\libc.a(memcpy.o)
                              C:/Freescale/CW MCU v10.3/MCU/ARM_GCC_Support/ewl/lib/armv6-m\libc.a(vsnprintf.o) (memcpy)
C:/Freescale/CW MCU v10.3/MCU/ARM_GCC_Support/ewl/lib/armv6-m\libc.a(strchr.o)
                              C:/Freescale/CW MCU v10.3/MCU/ARM_GCC_Support/ewl/lib/armv6-m\libc.a(printformat_.o) (strchr)
c:/freescale/cw mcu v10.3/cross_tools/arm-none-eabi-gcc-4_6_2/bin/../lib/gcc/arm-none-eabi/4.6.2/armv6-m\libgcc.a(_thumb1_case_uqi.o)
                              C:/Freescale/CW MCU v10.3/MCU/ARM_GCC_Support/ewl/lib/armv6-m\libc.a(scanformat_.o) (__gnu_thumb1_case_uqi)
c:/freescale/cw mcu v10.3/cross_tools/arm-none-eabi-gcc-4_6_2/bin/../lib/gcc/arm-none-eabi/4.6.2/armv6-m\libgcc.a(_udivsi3.o)
                              ./Sources/TFC/TFC_CrystalClock_c.obj (__aeabi_uidiv)
c:/freescale/cw mcu v10.3/cross_tools/arm-none-eabi-gcc-4_6_2/bin/../lib/gcc/arm-none-eabi/4.6.2/armv6-m\libgcc.a(_divsi3.o)
                              ./Sources/TFC/TFC_CrystalClock_c.obj (__aeabi_idiv)
c:/freescale/cw mcu v10.3/cross_tools/arm-none-eabi-gcc-4_6_2/bin/../lib/gcc/arm-none-eabi/4.6.2/armv6-m\libgcc.a(_dvmd_tls.o)
                              c:/freescale/cw mcu v10.3/cross_tools/arm-none-eabi-gcc-4_6_2/bin/../lib/gcc/arm-none-eabi/4.6.2/armv6-m\libgcc.a(_udivsi3.o) (__aeabi_idiv0)
c:/freescale/cw mcu v10.3/cross_tools/arm-none-eabi-gcc-4_6_2/bin/../lib/gcc/arm-none-eabi/4.6.2/armv6-m\libgcc.a(_arm_cmpsf2.o)
                              ./Sources/TFC/TFC_Motor_c.obj (__aeabi_fcmplt)
c:/freescale/cw mcu v10.3/cross_tools/arm-none-eabi-gcc-4_6_2/bin/../lib/gcc/arm-none-eabi/4.6.2/armv6-m\libgcc.a(_fixunssfsi.o)
                              ./Sources/TFC/TFC_CrystalClock_c.obj (__aeabi_f2uiz)
c:/freescale/cw mcu v10.3/cross_tools/arm-none-eabi-gcc-4_6_2/bin/../lib/gcc/arm-none-eabi/4.6.2/armv6-m\libgcc.a(divsf3.o)
                              ./Sources/TFC/TFC_CrystalClock_c.obj (__aeabi_fdiv)
c:/freescale/cw mcu v10.3/cross_tools/arm-none-eabi-gcc-4_6_2/bin/../lib/gcc/arm-none-eabi/4.6.2/armv6-m\libgcc.a(eqsf2.o)
                              c:/freescale/cw mcu v10.3/cross_tools/arm-none-eabi-gcc-4_6_2/bin/../lib/gcc/arm-none-eabi/4.6.2/armv6-m\libgcc.a(_arm_cmpsf2.o) (__eqsf2)
[...]
Memory Configuration

Name             Origin             Length             Attributes
m_interrupts     0x00000000         0x000000c0         xr
m_cfmprotrom     0x00000400         0x00000010         xr
m_text           0x00000800         0x0001f800         xr
m_data           0x1ffff000         0x00004000         xrw
*default*        0x00000000         0xffffffff

Linker script and memory map

LOAD ./Sources/main_c.obj
LOAD ./Sources/sa_mtb_c.obj
LOAD ./Sources/TFC/TFC_c.obj
LOAD ./Sources/TFC/TFC_ADC_c.obj
LOAD ./Sources/TFC/TFC_ARM_SysTick_c.obj
LOAD ./Sources/TFC/TFC_BoardSupport_c.obj
LOAD ./Sources/TFC/TFC_CrystalClock_c.obj
LOAD ./Sources/TFC/TFC_LineScanCamera_c.obj
LOAD ./Sources/TFC/TFC_Motor_c.obj
LOAD ./Sources/TFC/TFC_Potentiometer_c.obj
LOAD ./Sources/TFC/TFC_Queue_c.obj
LOAD ./Sources/TFC/TFC_Servo_c.obj
LOAD ./Sources/TFC/TFC_Terminal_c.obj
LOAD ./Sources/TFC/TFC_UART_c.obj
LOAD ./Sources/TFC/TFC_arm_cm0_c.obj
LOAD ./Project_Settings/Startup_Code/__arm_end_c.obj
LOAD ./Project_Settings/Startup_Code/__arm_start_c.obj
LOAD ./Project_Settings/Startup_Code/kinetis_sysinit_c.obj
                0x000050d0                __pformatter = __pformatter_
                [0x00005508]                __sformatter = __sformatter
START GROUP
LOAD C:/Freescale/CW MCU v10.3/MCU/ARM_GCC_Support/ewl/lib/armv6-m\libc.a
LOAD C:/Freescale/CW MCU v10.3/MCU/ARM_GCC_Support/ewl/lib/armv6-m\libm.a
LOAD c:/freescale/cw mcu v10.3/cross_tools/arm-none-eabi-gcc-4_6_2/bin/../lib/gcc/arm-none-eabi/4.6.2/armv6-m\libgcc.a
LOAD C:/Freescale/CW MCU v10.3/MCU/ARM_GCC_Support/ewl/lib/armv6-m\librt.a
LOAD C:/Freescale/CW MCU v10.3/MCU/ARM_GCC_Support/ewl/lib/armv6-m\libuart.a
END GROUP
                0x20003000                _estack = 0x20003000
                0x20003000                __SP_INIT = _estack
                0x00000400                __heap_size = 0x400
                0x00000400                __stack_size = 0x400

.interrupts     0x00000000       0xc0
                0x00000000                __vector_table = .
                0x00000000                . = ALIGN (0x4)
 *(.vectortable)
 .vectortable   0x00000000       0xc0 ./Project_Settings/Startup_Code/kinetis_sysinit_c.obj
                0x00000000                InterruptVector
                0x000000c0                . = ALIGN (0x4)

.cfmprotect     0x00000400        0x0
                0x00000400                . = ALIGN (0x4)
 *(.cfmconfig)
                0x00000400                . = ALIGN (0x4)

.text           0x00000800     0x5e80
                0x00000800                . = ALIGN (0x4)
 *(.text)
 .text          0x00000800       0x14 c:/freescale/cw mcu v10.3/cross_tools/arm-none-eabi-gcc-4_6_2/bin/../lib/gcc/arm-none-eabi/4.6.2/armv6-m\libgcc.a(_thumb1_case_uqi.o)
                0x00000800                __gnu_thumb1_case_uqi
 .text          0x00000814       0x9c c:/freescale/cw mcu v10.3/cross_tools/arm-none-eabi-gcc-4_6_2/bin/../lib/gcc/arm-none-eabi/4.6.2/armv6-m\libgcc.a(_udivsi3.o)
                0x00000814                __aeabi_uidiv
                0x00000814                __udivsi3
                0x0000089c                __aeabi_uidivmod
 .text          0x000008b0       0xc0 c:/freescale/cw mcu v10.3/cross_tools/arm-none-eabi-gcc-4_6_2/bin/../lib/gcc/arm-none-eabi/4.6.2/armv6-m\libgcc.a(_divsi3.o)
                0x000008b0                __divsi3
                0x000008b0                __aeabi_idiv
                0x0000095c                __aeabi_idivmod
 .text          0x00000970        0x4 c:/freescale/cw mcu v10.3/cross_tools/arm-none-eabi-gcc-4_6_2/bin/../lib/gcc/arm-none-eabi/4.6.2/armv6-m\libgcc.a(_dvmd_tls.o)
                0x00000970                __aeabi_idiv0
                0x00000970                __aeabi_ldiv0
 .text          0x00000974       0x74 c:/freescale/cw mcu v10.3/cross_tools/arm-none-eabi-gcc-4_6_2/bin/../lib/gcc/arm-none-eabi/4.6.2/armv6-m\libgcc.a(_arm_cmpsf2.o)
                0x00000974                __aeabi_cfrcmple
                0x0000097c                __aeabi_cfcmpeq
                0x0000097c                __aeabi_cfcmple
                0x0000098c                __aeabi_fcmpeq
                0x00000998                __aeabi_fcmplt
                0x000009ac                __aeabi_fcmple
                0x000009c0                __aeabi_fcmpgt
                0x000009d4                __aeabi_fcmpge
 .text          0x000009e8       0x30 c:/freescale/cw mcu v10.3/cross_tools/arm-none-eabi-gcc-4_6_2/bin/../lib/gcc/arm-none-eabi/4.6.2/armv6-m\libgcc.a(_fixunssfsi.o)
                0x000009e8                __fixunssfsi
                0x000009e8                __aeabi_f2uiz
 .text          0x00000a18      0x28c c:/freescale/cw mcu v10.3/cross_tools/arm-none-eabi-gcc-4_6_2/bin/../lib/gcc/arm-none-eabi/4.6.2/armv6-m\libgcc.a(divsf3.o)
                0x00000a18                __aeabi_fdiv
 .text          0x00000ca4       0x54 c:/freescale/cw mcu v10.3/cross_tools/arm-none-eabi-gcc-4_6_2/bin/../lib/gcc/arm-none-eabi/4.6.2/armv6-m\libgcc.a(eqsf2.o)
                0x00000ca4                __eqsf2
                0x00000ca4                __nesf2
 .text          0x00000cf8       0xa0 c:/freescale/cw mcu v10.3/cross_tools/arm-none-eabi-gcc-4_6_2/bin/../lib/gcc/arm-none-eabi/4.6.2/armv6-m\libgcc.a(gesf2.o)
                0x00000cf8                __gesf2
                0x00000cf8                __gtsf2
 .text          0x00000d98       0x98 c:/freescale/cw mcu v10.3/cross_tools/arm-none-eabi-gcc-4_6_2/bin/../lib/gcc/arm-none-eabi/4.6.2/armv6-m\libgcc.a(lesf2.o)
                0x00000d98                __ltsf2
                0x00000d98                __lesf2
 .text          0x00000e30      0x228 c:/freescale/cw mcu v10.3/cross_tools/arm-none-eabi-gcc-4_6_2/bin/../lib/gcc/arm-none-eabi/4.6.2/armv6-m\libgcc.a(mulsf3.o)
                0x00000e30                __aeabi_fmul
 .text          0x00001058      0x394 c:/freescale/cw mcu v10.3/cross_tools/arm-none-eabi-gcc-4_6_2/bin/../lib/gcc/arm-none-eabi/4.6.2/armv6-m\libgcc.a(subsf3.o)
                0x00001058                __aeabi_fsub
 .text          0x000013ec       0x40 c:/freescale/cw mcu v10.3/cross_tools/arm-none-eabi-gcc-4_6_2/bin/../lib/gcc/arm-none-eabi/4.6.2/armv6-m\libgcc.a(fixsfsi.o)
                0x000013ec                __aeabi_f2iz
 .text          0x0000142c       0xb0 c:/freescale/cw mcu v10.3/cross_tools/arm-none-eabi-gcc-4_6_2/bin/../lib/gcc/arm-none-eabi/4.6.2/armv6-m\libgcc.a(floatsisf.o)
                0x0000142c                __aeabi_i2f
 .text          0x000014dc       0xa8 c:/freescale/cw mcu v10.3/cross_tools/arm-none-eabi-gcc-4_6_2/bin/../lib/gcc/arm-none-eabi/4.6.2/armv6-m\libgcc.a(floatunsisf.o)
                0x000014dc                __aeabi_ui2f
 .text          0x00001584      0x6d4 c:/freescale/cw mcu v10.3/cross_tools/arm-none-eabi-gcc-4_6_2/bin/../lib/gcc/arm-none-eabi/4.6.2/armv6-m\libgcc.a(adddf3.o)
                0x00001584                __aeabi_dadd
 .text          0x00001c58      0x5e4 c:/freescale/cw mcu v10.3/cross_tools/arm-none-eabi-gcc-4_6_2/bin/../lib/gcc/arm-none-eabi/4.6.2/armv6-m\libgcc.a(divdf3.o)
                0x00001c58                __aeabi_ddiv
 .text          0x0000223c      0x4a4 c:/freescale/cw mcu v10.3/cross_tools/arm-none-eabi-gcc-4_6_2/bin/../lib/gcc/arm-none-eabi/4.6.2/armv6-m\libgcc.a(muldf3.o)
                0x0000223c                __aeabi_dmul
 .text          0x000026e0       0x68 c:/freescale/cw mcu v10.3/cross_tools/arm-none-eabi-gcc-4_6_2/bin/../lib/gcc/arm-none-eabi/4.6.2/armv6-m\libgcc.a(floatunsidf.o)
                0x000026e0                __aeabi_ui2d
 .text          0x00002748       0xa8 c:/freescale/cw mcu v10.3/cross_tools/arm-none-eabi-gcc-4_6_2/bin/../lib/gcc/arm-none-eabi/4.6.2/armv6-m\libgcc.a(extendsfdf2.o)
                0x00002748                __aeabi_f2d
 .text          0x000027f0      0x148 c:/freescale/cw mcu v10.3/cross_tools/arm-none-eabi-gcc-4_6_2/bin/../lib/gcc/arm-none-eabi/4.6.2/armv6-m\libgcc.a(truncdfsf2.o)
                0x000027f0                __aeabi_d2f
 .text          0x00002938       0x3c c:/freescale/cw mcu v10.3/cross_tools/arm-none-eabi-gcc-4_6_2/bin/../lib/gcc/arm-none-eabi/4.6.2/armv6-m\libgcc.a(_clzsi2.o)
                0x00002938                __clzsi2
 *(.text*)
 .text.main     0x00002974      0x294 ./Sources/main_c.obj
                0x00002974                main
 .text.TFC_Init
                0x00002c08       0x48 ./Sources/TFC/TFC_c.obj
                0x00002c08                TFC_Init
 .text.TFC_Task
                0x00002c50       0x10 ./Sources/TFC/TFC_c.obj
                0x00002c50                TFC_Task
 .text.ADC_Cal  0x00002c60      0x1bc ./Sources/TFC/TFC_ADC_c.obj
                0x00002c60                ADC_Cal
 .text.ADC_Config_Alt
                0x00002e1c       0x60 ./Sources/TFC/TFC_ADC_c.obj
                0x00002e1c                ADC_Config_Alt
 .text.InitADC0
                0x00002e7c       0x90 ./Sources/TFC/TFC_ADC_c.obj
                0x00002e7c                InitADC0
 .text.TFC_InitADCs
                0x00002f0c       0x70 ./Sources/TFC/TFC_ADC_c.obj
                0x00002f0c                TFC_InitADCs
 .text.PIT_IRQHandler
                0x00002f7c       0x40 ./Sources/TFC/TFC_ADC_c.obj
                0x00002f7c                PIT_IRQHandler
 .text.ADC0_IRQHandler
                0x00002fbc      0x220 ./Sources/TFC/TFC_ADC_c.obj
                0x00002fbc                ADC0_IRQHandler
 .text.TFC_InitSysTick
                0x000031dc       0x44 ./Sources/TFC/TFC_ARM_SysTick_c.obj
                0x000031dc                TFC_InitSysTick
 .text.SysTick_Handler
                0x00003220       0x60 ./Sources/TFC/TFC_ARM_SysTick_c.obj
                0x00003220                SysTick_Handler
 .text.TFC_InitGPIO
                0x00003280       0xb4 ./Sources/TFC/TFC_BoardSupport_c.obj
                0x00003280                TFC_InitGPIO
 .text.TFC_SetBatteryLED_Level
                0x00003334       0x78 ./Sources/TFC/TFC_BoardSupport_c.obj
                0x00003334                TFC_SetBatteryLED_Level
 .text.TFC_GetDIP_Switch
                0x000033ac       0x2c ./Sources/TFC/TFC_BoardSupport_c.obj
                0x000033ac                TFC_GetDIP_Switch
 .text.TFC_InitClock
                0x000033d8       0x24 ./Sources/TFC/TFC_CrystalClock_c.obj
                0x000033d8                TFC_InitClock
 .text.pll_init
                0x000033fc      0x548 ./Sources/TFC/TFC_CrystalClock_c.obj
                0x000033fc                pll_init
 .text.TFC_InitLineScanCamera
                0x00003944       0xc8 ./Sources/TFC/TFC_LineScanCamera_c.obj
                0x00003944                TFC_InitLineScanCamera
 *fill*         0x00003a0c        0x4 00
 .text.TFC_SetLineScanExposureTime
                0x00003a10       0x70 ./Sources/TFC/TFC_LineScanCamera_c.obj
                0x00003a10                TFC_SetLineScanExposureTime
 .text.TFC_InitMotorPWM
                0x00003a80       0xd8 ./Sources/TFC/TFC_Motor_c.obj
                0x00003a80                TFC_InitMotorPWM
 .text.TFC_SetMotorPWM
                0x00003b58      0x170 ./Sources/TFC/TFC_Motor_c.obj
                0x00003b58                TFC_SetMotorPWM
 .text.TFC_ReadPot0
                0x00003cc8       0x70 ./Sources/TFC/TFC_Potentiometer_c.obj
                0x00003cc8                TFC_ReadPot0
 .text.TFC_ReadPot1
                0x00003d38       0x70 ./Sources/TFC/TFC_Potentiometer_c.obj
                0x00003d38                TFC_ReadPot1
 .text.InitByteQueue
                0x00003da8       0x6c ./Sources/TFC/TFC_Queue_c.obj
                0x00003da8                InitByteQueue
 .text.BytesInQueue
                0x00003e14       0x50 ./Sources/TFC/TFC_Queue_c.obj
                0x00003e14                BytesInQueue
 .text.ByteEnqueue
                0x00003e64       0x64 ./Sources/TFC/TFC_Queue_c.obj
                0x00003e64                ByteEnqueue
 .text.ByteArrayEnqueue
                0x00003ec8       0x58 ./Sources/TFC/TFC_Queue_c.obj
                0x00003ec8                ByteArrayEnqueue
 .text.Qprintf  0x00003f20       0x50 ./Sources/TFC/TFC_Queue_c.obj
                0x00003f20                Qprintf
 .text.ByteDequeue
                0x00003f70       0x58 ./Sources/TFC/TFC_Queue_c.obj
                0x00003f70                ByteDequeue
 .text.ForcedByteDequeue
                0x00003fc8       0x58 ./Sources/TFC/TFC_Queue_c.obj
                0x00003fc8                ForcedByteDequeue
 .text.TFC_SetServo
                0x00004020       0x90 ./Sources/TFC/TFC_Servo_c.obj
                0x00004020                TFC_SetServo
 .text.TFC_SetServoDutyCycle
                0x000040b0       0x68 ./Sources/TFC/TFC_Servo_c.obj
                0x000040b0                TFC_SetServoDutyCycle
 .text.FTM1_IRQHandler
                0x00004118       0x40 ./Sources/TFC/TFC_Servo_c.obj
                0x00004118                FTM1_IRQHandler
 .text.TFC_InitServos
                0x00004158       0xd8 ./Sources/TFC/TFC_Servo_c.obj
                0x00004158                TFC_InitServos
 .text.TerminalBootMsg
                0x00004230       0x6c ./Sources/TFC/TFC_Terminal_c.obj
                0x00004230                TerminalBootMsg
 .text.TFC_InitTerminal
                0x0000429c       0x20 ./Sources/TFC/TFC_Terminal_c.obj
                0x0000429c                TFC_InitTerminal
 .text.TerminalCmd_Help
                0x000042bc       0xa4 ./Sources/TFC/TFC_Terminal_c.obj
                0x000042bc                TerminalCmd_Help
 .text.TerminalCmd_E
                0x00004360       0x30 ./Sources/TFC/TFC_Terminal_c.obj
                0x00004360                TerminalCmd_E
 .text.TerminalCmd_D
                0x00004390       0x40 ./Sources/TFC/TFC_Terminal_c.obj
                0x00004390                TerminalCmd_D
 .text.TerminalCmd_GetLineScan
                0x000043d0      0x114 ./Sources/TFC/TFC_Terminal_c.obj
                0x000043d0                TerminalCmd_GetLineScan
 .text.TerminalCmd_S
                0x000044e4       0xac ./Sources/TFC/TFC_Terminal_c.obj
                0x000044e4                TerminalCmd_S
 .text.TerminalCmd_H
                0x00004590       0xa8 ./Sources/TFC/TFC_Terminal_c.obj
                0x00004590                TerminalCmd_H
 .text.TFC_ProcessTerminal
                0x00004638      0x2e0 ./Sources/TFC/TFC_Terminal_c.obj
                0x00004638                TFC_ProcessTerminal
 .text.TFC_InitUARTs
                0x00004918       0xd0 ./Sources/TFC/TFC_UART_c.obj
                0x00004918                TFC_InitUARTs
 .text.TFC_UART_Process
                0x000049e8       0x3c ./Sources/TFC/TFC_UART_c.obj
                0x000049e8                TFC_UART_Process
 .text.UART0_IRQHandler
                0x00004a24       0x78 ./Sources/TFC/TFC_UART_c.obj
                0x00004a24                UART0_IRQHandler
 .text.uart0_init
                0x00004a9c      0x22c ./Sources/TFC/TFC_UART_c.obj
                0x00004a9c                uart0_init
 .text.enable_irq
                0x00004cc8       0x70 ./Sources/TFC/TFC_arm_cm0_c.obj
                0x00004cc8                enable_irq
 .text.disable_irq
                0x00004d38       0x40 ./Sources/TFC/TFC_arm_cm0_c.obj
                0x00004d38                disable_irq
 .text._ExitProcess
                0x00004d78        0xc ./Project_Settings/Startup_Code/__arm_end_c.obj
                0x00004d78                _ExitProcess
 .text.zero_fill_bss
                0x00004d84       0x24 ./Project_Settings/Startup_Code/__arm_start_c.obj
 .text.__thumb_startup
                0x00004da8       0x30 ./Project_Settings/Startup_Code/__arm_start_c.obj
                0x00004da8                __thumb_startup
 .text.Default_Handler
                0x00004dd8        0xc ./Project_Settings/Startup_Code/kinetis_sysinit_c.obj
                0x00004dd8                RTC_Alarm_IRQHandler
                0x00004dd8                I2C0_IRQHandler
                0x00004dd8                HardFault_Handler
                0x00004dd8                PendSV_Handler
                0x00004dd8                NMI_Handler
                0x00004dd8                I2C1_IRQHandler
                0x00004dd8                UART1_IRQHandler
                0x00004dd8                DMA2_IRQHandler
                0x00004dd8                TSI0_IRQHandler
                0x00004dd8                SPI1_IRQHandler
                0x00004dd8                PORTD_IRQHandler
                0x00004dd8                LPTimer_IRQHandler
                0x00004dd8                RTC_Seconds_IRQHandler
                0x00004dd8                MCG_IRQHandler
                0x00004dd8                UART2_IRQHandler
                0x00004dd8                Default_Handler
                0x00004dd8                LLW_IRQHandler
                0x00004dd8                SVC_Handler
                0x00004dd8                USBOTG_IRQHandler
                0x00004dd8                DMA3_IRQHandler
                0x00004dd8                DMA0_IRQHandler
                0x00004dd8                DAC0_IRQHandler
                0x00004dd8                PMC_IRQHandler
                0x00004dd8                SPI0_IRQHandler
                0x00004dd8                FTM0_IRQHandler
                0x00004dd8                PORTA_IRQHandler
                0x00004dd8                MCM_IRQHandler
                0x00004dd8                FTFL_IRQHandler
                0x00004dd8                FTM2_IRQHandler
                0x00004dd8                CMP0_IRQHandler
                0x00004dd8                DMA1_IRQHandler
 .text.__init_hardware
                0x00004de4       0x2c ./Project_Settings/Startup_Code/kinetis_sysinit_c.obj
                0x00004de4                __init_hardware
 .text.sscanf   0x00004e10       0x16 C:/Freescale/CW MCU v10.3/MCU/ARM_GCC_Support/ewl/lib/armv6-m\libc.a(sscanf.o)
                0x00004e10                sscanf
 .text.vsprintf
                0x00004e26       0x12 C:/Freescale/CW MCU v10.3/MCU/ARM_GCC_Support/ewl/lib/armv6-m\libc.a(vsprintf.o)
                0x00004e26                vsprintf
 .text.__StringRead
                0x00004e38       0x3e C:/Freescale/CW MCU v10.3/MCU/ARM_GCC_Support/ewl/lib/armv6-m\libc.a(vsscanf.o)
                0x00004e38                __StringRead
 *fill*         0x00004e76        0x2 00
 .text.vsscanf  0x00004e78       0x30 C:/Freescale/CW MCU v10.3/MCU/ARM_GCC_Support/ewl/lib/armv6-m\libc.a(vsscanf.o)
                0x00004e78                vsscanf
 .text.exit     0x00004ea8       0x38 C:/Freescale/CW MCU v10.3/MCU/ARM_GCC_Support/ewl/lib/armv6-m\libc.a(exit.o)
                0x00004ea8                exit
 .text.memset   0x00004ee0        0xc C:/Freescale/CW MCU v10.3/MCU/ARM_GCC_Support/ewl/lib/armv6-m\libc.a(memset.o)
                0x00004ee0                memset
 .text.strcmp   0x00004eec       0x1c C:/Freescale/CW MCU v10.3/MCU/ARM_GCC_Support/ewl/lib/armv6-m\libc.a(strcmp.o)
                0x00004eec                strcmp
 .text.strcpy   0x00004f08       0x14 C:/Freescale/CW MCU v10.3/MCU/ARM_GCC_Support/ewl/lib/armv6-m\libc.a(strcpy.o)
                0x00004f08                strcpy
 .text.strlen   0x00004f1c       0x14 C:/Freescale/CW MCU v10.3/MCU/ARM_GCC_Support/ewl/lib/armv6-m\libc.a(strlen.o)
                0x00004f1c                strlen
 .text.long2str.isra.0
                0x00004f30      0x1a0 C:/Freescale/CW MCU v10.3/MCU/ARM_GCC_Support/ewl/lib/armv6-m\libc.a(printformat_.o)
 .text.__pformatter_
                0x000050d0      0x438 C:/Freescale/CW MCU v10.3/MCU/ARM_GCC_Support/ewl/lib/armv6-m\libc.a(printformat_.o)
                0x000050d0                __pformatter_
 .text.__sformatter
                0x00005508      0x780 C:/Freescale/CW MCU v10.3/MCU/ARM_GCC_Support/ewl/lib/armv6-m\libc.a(scanformat_.o)
                0x00005508                __sformatter
 .text.isalpha  0x00005c88       0x20 C:/Freescale/CW MCU v10.3/MCU/ARM_GCC_Support/ewl/lib/armv6-m\libc.a(ctype_aeabi.o)
                0x00005c88                isalpha
 .text.isspace  0x00005ca8       0x20 C:/Freescale/CW MCU v10.3/MCU/ARM_GCC_Support/ewl/lib/armv6-m\libc.a(ctype_aeabi.o)
                0x00005ca8                isspace
 .text.toupper  0x00005cc8        0xe C:/Freescale/CW MCU v10.3/MCU/ARM_GCC_Support/ewl/lib/armv6-m\libc.a(ctype_aeabi.o)
                0x00005cc8                toupper
 .text.__StringWrite
                0x00005cd6       0x26 C:/Freescale/CW MCU v10.3/MCU/ARM_GCC_Support/ewl/lib/armv6-m\libc.a(vsnprintf.o)
                0x00005cd6                __StringWrite
 .text.vsnprintf
                0x00005cfc       0x38 C:/Freescale/CW MCU v10.3/MCU/ARM_GCC_Support/ewl/lib/armv6-m\libc.a(vsnprintf.o)
                0x00005cfc                vsnprintf
 .text.__strtoul
                0x00005d34      0x1d0 C:/Freescale/CW MCU v10.3/MCU/ARM_GCC_Support/ewl/lib/armv6-m\libc.a(__strtoul.o)
                0x00005d34                __strtoul
 .text.__fill_mem
                0x00005f04       0x84 C:/Freescale/CW MCU v10.3/MCU/ARM_GCC_Support/ewl/lib/armv6-m\libc.a(__filll_mem.o)
                0x00005f04                __fill_mem
 .text.memchr   0x00005f88       0x1a C:/Freescale/CW MCU v10.3/MCU/ARM_GCC_Support/ewl/lib/armv6-m\libc.a(memchr.o)
                0x00005f88                memchr
 .text.memcpy   0x00005fa2       0x12 C:/Freescale/CW MCU v10.3/MCU/ARM_GCC_Support/ewl/lib/armv6-m\libc.a(memcpy.o)
                0x00005fa2                memcpy
 .text.strchr   0x00005fb4       0x1e C:/Freescale/CW MCU v10.3/MCU/ARM_GCC_Support/ewl/lib/armv6-m\libc.a(strchr.o)
                0x00005fb4                strchr
 *fill*         0x00005fd2        0x2 00
 .text.__init_cpp
                0x00005fd4       0x48 C:/Freescale/CW MCU v10.3/MCU/ARM_GCC_Support/ewl/lib/armv6-m\librt.a(gcc_ctor_dtor.o)
                0x00005fd4                __init_cpp
 .text.__fini_cpp
                0x0000601c       0x34 C:/Freescale/CW MCU v10.3/MCU/ARM_GCC_Support/ewl/lib/armv6-m\librt.a(gcc_ctor_dtor.o)
                0x0000601c                __fini_cpp
 .text.__copy_rom_section
                0x00006050       0x4a C:/Freescale/CW MCU v10.3/MCU/ARM_GCC_Support/ewl/lib/armv6-m\librt.a(ROMCopy.o)
                0x00006050                __copy_rom_section
 *fill*         0x0000609a        0x2 00
 .text.__copy_rom_sections_to_ram
                0x0000609c       0x2c C:/Freescale/CW MCU v10.3/MCU/ARM_GCC_Support/ewl/lib/armv6-m\librt.a(ROMCopy.o)
                0x0000609c                __copy_rom_sections_to_ram
 .text.__destroy_global_chain
                0x000060c8       0x1c C:/Freescale/CW MCU v10.3/MCU/ARM_GCC_Support/ewl/lib/armv6-m\librt.a(__arm_eabi_init.o)
                0x000060c8                __destroy_global_chain
 .text.__init_registers
                0x000060e4       0x1c C:/Freescale/CW MCU v10.3/MCU/ARM_GCC_Support/ewl/lib/armv6-m\librt.a(__arm_eabi_init.o)
                0x000060e4                __init_registers
 .text.__init_user
                0x00006100        0x4 C:/Freescale/CW MCU v10.3/MCU/ARM_GCC_Support/ewl/lib/armv6-m\librt.a(__arm_eabi_init.o)
                0x00006100                __init_user
 *(.rodata)
 .rodata        0x00006104       0x14 ./Sources/main_c.obj
 .rodata        0x00006118      0x364 ./Sources/TFC/TFC_Terminal_c.obj
 .rodata        0x0000647c       0x40 c:/freescale/cw mcu v10.3/cross_tools/arm-none-eabi-gcc-4_6_2/bin/../lib/gcc/arm-none-eabi/4.6.2/armv6-m\libgcc.a(divsf3.o)
 .rodata        0x000064bc       0x40 c:/freescale/cw mcu v10.3/cross_tools/arm-none-eabi-gcc-4_6_2/bin/../lib/gcc/arm-none-eabi/4.6.2/armv6-m\libgcc.a(mulsf3.o)
 .rodata        0x000064fc       0x40 c:/freescale/cw mcu v10.3/cross_tools/arm-none-eabi-gcc-4_6_2/bin/../lib/gcc/arm-none-eabi/4.6.2/armv6-m\libgcc.a(divdf3.o)
 .rodata        0x0000653c       0x40 c:/freescale/cw mcu v10.3/cross_tools/arm-none-eabi-gcc-4_6_2/bin/../lib/gcc/arm-none-eabi/4.6.2/armv6-m\libgcc.a(muldf3.o)
 *(.rodata*)
 .rodata.str1.1
                0x0000657c        0x1 C:/Freescale/CW MCU v10.3/MCU/ARM_GCC_Support/ewl/lib/armv6-m\libc.a(printformat_.o)
 .rodata.__aeabi_ctype_table_C
                0x0000657d      0x101 C:/Freescale/CW MCU v10.3/MCU/ARM_GCC_Support/ewl/lib/armv6-m\libc.a(ctype_aeabi.o)
                0x0000657d                __aeabi_ctype_table_C
 *(.glue_7)
 .glue_7        0x00000000        0x0 linker stubs
 *(.glue_7t)
 .glue_7t       0x00000000        0x0 linker stubs
 *(.eh_frame)
 *(.init)
 *(.fini)
                0x00006680                . = ALIGN (0x4)
 *fill*         0x0000667e        0x2 00
                0x00006680                _etext = .

.vfp11_veneer   0x00006680        0x0
 .vfp11_veneer  0x00000000        0x0 linker stubs

.v4_bx          0x00006680        0x0
 .v4_bx         0x00000000        0x0 linker stubs

.ARM.extab
 *(.ARM.extab* .gnu.linkonce.armextab.*)

.ARM            0x00006680        0x8
                0x00006680                __exidx_start = .
 *(.ARM.exidx*)
 .ARM.exidx     0x00006680        0x8 c:/freescale/cw mcu v10.3/cross_tools/arm-none-eabi-gcc-4_6_2/bin/../lib/gcc/arm-none-eabi/4.6.2/armv6-m\libgcc.a(divsf3.o)
 .ARM.exidx     0x00006688        0x0 c:/freescale/cw mcu v10.3/cross_tools/arm-none-eabi-gcc-4_6_2/bin/../lib/gcc/arm-none-eabi/4.6.2/armv6-m\libgcc.a(eqsf2.o)
                                  0x8 (size before relaxing)
 .ARM.exidx     0x00006688        0x0 c:/freescale/cw mcu v10.3/cross_tools/arm-none-eabi-gcc-4_6_2/bin/../lib/gcc/arm-none-eabi/4.6.2/armv6-m\libgcc.a(gesf2.o)
                                  0x8 (size before relaxing)
 .ARM.exidx     0x00006688        0x0 c:/freescale/cw mcu v10.3/cross_tools/arm-none-eabi-gcc-4_6_2/bin/../lib/gcc/arm-none-eabi/4.6.2/armv6-m\libgcc.a(lesf2.o)
                                  0x8 (size before relaxing)
 .ARM.exidx     0x00006688        0x0 c:/freescale/cw mcu v10.3/cross_tools/arm-none-eabi-gcc-4_6_2/bin/../lib/gcc/arm-none-eabi/4.6.2/armv6-m\libgcc.a(mulsf3.o)
                                  0x8 (size before relaxing)
 .ARM.exidx     0x00006688        0x0 c:/freescale/cw mcu v10.3/cross_tools/arm-none-eabi-gcc-4_6_2/bin/../lib/gcc/arm-none-eabi/4.6.2/armv6-m\libgcc.a(subsf3.o)
                                  0x8 (size before relaxing)
 .ARM.exidx     0x00006688        0x0 c:/freescale/cw mcu v10.3/cross_tools/arm-none-eabi-gcc-4_6_2/bin/../lib/gcc/arm-none-eabi/4.6.2/armv6-m\libgcc.a(fixsfsi.o)
                                  0x8 (size before relaxing)
 .ARM.exidx     0x00006688        0x0 c:/freescale/cw mcu v10.3/cross_tools/arm-none-eabi-gcc-4_6_2/bin/../lib/gcc/arm-none-eabi/4.6.2/armv6-m\libgcc.a(floatsisf.o)
                                  0x8 (size before relaxing)
 .ARM.exidx     0x00006688        0x0 c:/freescale/cw mcu v10.3/cross_tools/arm-none-eabi-gcc-4_6_2/bin/../lib/gcc/arm-none-eabi/4.6.2/armv6-m\libgcc.a(floatunsisf.o)
                                  0x8 (size before relaxing)
 .ARM.exidx     0x00006688        0x0 c:/freescale/cw mcu v10.3/cross_tools/arm-none-eabi-gcc-4_6_2/bin/../lib/gcc/arm-none-eabi/4.6.2/armv6-m\libgcc.a(adddf3.o)
                                  0x8 (size before relaxing)
 .ARM.exidx     0x00006688        0x0 c:/freescale/cw mcu v10.3/cross_tools/arm-none-eabi-gcc-4_6_2/bin/../lib/gcc/arm-none-eabi/4.6.2/armv6-m\libgcc.a(divdf3.o)
                                  0x8 (size before relaxing)
 .ARM.exidx     0x00006688        0x0 c:/freescale/cw mcu v10.3/cross_tools/arm-none-eabi-gcc-4_6_2/bin/../lib/gcc/arm-none-eabi/4.6.2/armv6-m\libgcc.a(muldf3.o)
                                  0x8 (size before relaxing)
 .ARM.exidx     0x00006688        0x0 c:/freescale/cw mcu v10.3/cross_tools/arm-none-eabi-gcc-4_6_2/bin/../lib/gcc/arm-none-eabi/4.6.2/armv6-m\libgcc.a(floatunsidf.o)
                                  0x8 (size before relaxing)
 .ARM.exidx     0x00006688        0x0 c:/freescale/cw mcu v10.3/cross_tools/arm-none-eabi-gcc-4_6_2/bin/../lib/gcc/arm-none-eabi/4.6.2/armv6-m\libgcc.a(extendsfdf2.o)
                                  0x8 (size before relaxing)
 .ARM.exidx     0x00006688        0x0 c:/freescale/cw mcu v10.3/cross_tools/arm-none-eabi-gcc-4_6_2/bin/../lib/gcc/arm-none-eabi/4.6.2/armv6-m\libgcc.a(truncdfsf2.o)
                                  0x8 (size before relaxing)
                0x00006688                __exidx_end = .

.ctors          0x00006688        0x0
                0x00006688                __CTOR_LIST__ = .
 *crtbegin.o(.ctors)
 *(EXCLUDE_FILE(*crtend.o) .ctors)
 *(SORT(.ctors.*))
 *(.ctors)
                0x00006688                __CTOR_END__ = .

.dtors          0x00006688        0x0
                0x00006688                __DTOR_LIST__ = .
 *crtbegin.o(.dtors)
 *(EXCLUDE_FILE(*crtend.o) .dtors)
 *(SORT(.dtors.*))
 *(.dtors)
                0x00006688                __DTOR_END__ = .

.preinit_array  0x00006688        0x0
                0x00006688                PROVIDE (__preinit_array_start, .)
 *(.preinit_array*)
                0x00006688                PROVIDE (__preinit_array_end, .)

.init_array     0x00006688        0x0
                0x00006688                PROVIDE (__init_array_start, .)
 *(SORT(.init_array.*))
 *(.init_array*)
                0x00006688                PROVIDE (__init_array_end, .)

.fini_array     0x00006688        0x0
                0x00006688                PROVIDE (__fini_array_start, .)
 *(SORT(.fini_array.*))
 *(.fini_array*)
                0x00006688                PROVIDE (__fini_array_end, .)
                0x00006688                ___ROM_AT = .

.mtb            0x1ffff000        0x0
                0x1ffff000                . = ALIGN (0x8)
                0x1ffff000                _mtb_start = .
 *(.mtb_buf)
                0x1ffff000                . = ALIGN (0x8)
                0x1ffff000                _mtb_end = .

.data           0x1ffff000       0x48 load address 0x00006688
                0x1ffff000                . = ALIGN (0x4)
                0x1ffff000                _sdata = .
 *(.data)
 *(.data*)
 .data.MyTerminalCallbackRecords
                0x1ffff000       0x48 ./Sources/TFC/TFC_Terminal_c.obj
                0x1ffff000                MyTerminalCallbackRecords
                0x1ffff048                . = ALIGN (0x4)
                0x1ffff048                _edata = .
                0x00000048                ___data_size = (_edata - _sdata)
                0x1ffff048                . = ALIGN (0x4)

.bss            0x1ffff048      0xc74 load address 0x000066d0
                0x1ffff048                __START_BSS = .
                0x1ffff048                PROVIDE (__bss_start__, __START_BSS)
 *(.bss)
 *(.bss*)
 .bss.CurrentADC_State
                0x1ffff048        0x1 ./Sources/TFC/TFC_ADC_c.obj
 .bss.CurrentLineScanPixel
                0x1ffff049        0x1 ./Sources/TFC/TFC_ADC_c.obj
                0x1ffff049                CurrentLineScanPixel
 .bss.CurrentLineScanChannel
                0x1ffff04a        0x1 ./Sources/TFC/TFC_ADC_c.obj
                0x1ffff04a                CurrentLineScanChannel
 *fill*         0x1ffff04b        0x1 00
 .bss.DelayTimerTick
                0x1ffff04c        0x4 ./Sources/TFC/TFC_ARM_SysTick_c.obj
 .bss.LineScanImageReady
                0x1ffff050        0x1 ./Sources/TFC/TFC_LineScanCamera_c.obj
                0x1ffff050                LineScanImageReady
 *fill*         0x1ffff051        0x3 00
 .bss.StringBuffer
                0x1ffff054      0x100 ./Sources/TFC/TFC_Queue_c.obj
 .bss.argv      0x1ffff154        0x4 ./Project_Settings/Startup_Code/__arm_start_c.obj
 .bss.__stdio_exit
                0x1ffff158        0x4 C:/Freescale/CW MCU v10.3/MCU/ARM_GCC_Support/ewl/lib/armv6-m\libc.a(exit.o)
                0x1ffff158                __stdio_exit
 .bss.__console_exit
                0x1ffff15c        0x4 C:/Freescale/CW MCU v10.3/MCU/ARM_GCC_Support/ewl/lib/armv6-m\libc.a(exit.o)
                0x1ffff15c                __console_exit
 .bss.__S_romp  0x1ffff160        0xc C:/Freescale/CW MCU v10.3/MCU/ARM_GCC_Support/ewl/lib/armv6-m\librt.a(ROMCopy.o)
 .bss.__global_destructor_chain
                0x1ffff16c        0x4 C:/Freescale/CW MCU v10.3/MCU/ARM_GCC_Support/ewl/lib/armv6-m\librt.a(__arm_eabi_init.o)
                0x1ffff16c                __global_destructor_chain
 *(COMMON)
 COMMON         0x1ffff170        0x3 ./Sources/TFC/TFC_ADC_c.obj
                0x1ffff170                PotADC_Value
                0x1ffff172                BatSenseADC_Value
 *fill*         0x1ffff173        0x1 00
 COMMON         0x1ffff174       0x10 ./Sources/TFC/TFC_ARM_SysTick_c.obj
                0x1ffff174                TFC_Ticker
 COMMON         0x1ffff184      0x214 ./Sources/TFC/TFC_LineScanCamera_c.obj
                0x1ffff184                LineScanWorkingBuffer
                0x1ffff188                LineScanImage1
                0x1ffff18c                LineScanImage0Buffer
                0x1ffff28c                LineScanImage0WorkingBuffer
                0x1ffff290                LineScanImage1Buffer
                0x1ffff390                LineScanImage0
                0x1ffff394                LineScanImage1WorkingBuffer
 COMMON         0x1ffff398        0x1 ./Sources/TFC/TFC_Servo_c.obj
                0x1ffff398                ServoTickVar
 *fill*         0x1ffff399        0x3 00
 COMMON         0x1ffff39c       0x86 ./Sources/TFC/TFC_Terminal_c.obj
                0x1ffff39c                CmdFound
                0x1ffff39d                NextCharIn
                0x1ffff3a0                TerminalLineBuf
                0x1ffff3e0                TerminalArgs
                0x1ffff400                TerminalCmdBuf
                0x1ffff421                TerminalPos
 *fill*         0x1ffff422        0x2 00
 COMMON         0x1ffff424      0x898 ./Sources/TFC/TFC_UART_c.obj
                0x1ffff424                SDA_SERIAL_INCOMING_QUEUE
                0x1ffff430                SDA_SERIAL_OUTGOING_QUEUE
                0x1ffff43c                SDA_SERIAL_INCOMING_QUEUE_Storage
                0x1ffff4bc                SDA_SERIAL_OUTGOING_QUEUE_Storage
                0x1ffffcbc                . = ALIGN (0x4)
                0x1ffffcbc                __END_BSS = .
                0x1ffffcbc                PROVIDE (__bss_end__, __END_BSS)
                0x000066d0                _romp_at = (___ROM_AT + SIZEOF (.data))

.romp           0x1ffffcbc       0x18 load address 0x000066d0
                0x000066d0                __S_romp = _romp_at
                0x1ffffcbc        0x4 LONG 0x6688 ___ROM_AT
                0x1ffffcc0        0x4 LONG 0x1ffff000 _sdata
                0x1ffffcc4        0x4 LONG 0x48 ___data_size
                0x1ffffcc8        0x4 LONG 0x0
                0x1ffffccc        0x4 LONG 0x0
                0x1ffffcd0        0x4 LONG 0x0

._user_heap_stack
                0x1ffffcd4      0x800 load address 0x000066e8
                0x1ffffcd4                . = ALIGN (0x4)
                0x1ffffcd4                PROVIDE (end, .)
                0x1ffffcd4                PROVIDE (_end, .)
                0x1ffffcd4                __heap_addr = .
                0x200000d4                . = (. + __heap_size)
 *fill*         0x1ffffcd4      0x400 00
                0x200004d4                . = (. + __stack_size)
 *fill*         0x200000d4      0x400 00
                0x200004d4                . = ALIGN (0x4)

.ARM.attributes
                0x00000000       0x31
 *(.ARM.attributes)
 .ARM.attributes
                0x00000000       0x31 ./Sources/main_c.obj
 .ARM.attributes
                0x00000031       0x31 ./Sources/TFC/TFC_c.obj
 .ARM.attributes
                0x00000062       0x31 ./Sources/TFC/TFC_ADC_c.obj
 .ARM.attributes
                0x00000093       0x31 ./Sources/TFC/TFC_ARM_SysTick_c.obj
 .ARM.attributes
                0x000000c4       0x31 ./Sources/TFC/TFC_BoardSupport_c.obj
 .ARM.attributes
                0x000000f5       0x31 ./Sources/TFC/TFC_CrystalClock_c.obj
 .ARM.attributes
                0x00000126       0x31 ./Sources/TFC/TFC_LineScanCamera_c.obj
 .ARM.attributes
                0x00000157       0x31 ./Sources/TFC/TFC_Motor_c.obj
 .ARM.attributes
                0x00000188       0x31 ./Sources/TFC/TFC_Potentiometer_c.obj
 .ARM.attributes
                0x000001b9       0x31 ./Sources/TFC/TFC_Queue_c.obj
 .ARM.attributes
                0x000001ea       0x31 ./Sources/TFC/TFC_Servo_c.obj
 .ARM.attributes
                0x0000021b       0x31 ./Sources/TFC/TFC_Terminal_c.obj
 .ARM.attributes
                0x0000024c       0x31 ./Sources/TFC/TFC_UART_c.obj
 .ARM.attributes
                0x0000027d       0x31 ./Sources/TFC/TFC_arm_cm0_c.obj
 .ARM.attributes
                0x000002ae       0x31 ./Project_Settings/Startup_Code/__arm_end_c.obj
 .ARM.attributes
                0x000002df       0x31 ./Project_Settings/Startup_Code/__arm_start_c.obj
 .ARM.attributes
                0x00000310       0x31 ./Project_Settings/Startup_Code/kinetis_sysinit_c.obj
 .ARM.attributes
                0x00000341       0x31 C:/Freescale/CW MCU v10.3/MCU/ARM_GCC_Support/ewl/lib/armv6-m\libc.a(sscanf.o)
 .ARM.attributes
                0x00000372       0x31 C:/Freescale/CW MCU v10.3/MCU/ARM_GCC_Support/ewl/lib/armv6-m\libc.a(vsprintf.o)
 .ARM.attributes
                0x000003a3       0x31 C:/Freescale/CW MCU v10.3/MCU/ARM_GCC_Support/ewl/lib/armv6-m\libc.a(vsscanf.o)
 .ARM.attributes
                0x000003d4       0x31 C:/Freescale/CW MCU v10.3/MCU/ARM_GCC_Support/ewl/lib/armv6-m\libc.a(exit.o)
 .ARM.attributes
                0x00000405       0x31 C:/Freescale/CW MCU v10.3/MCU/ARM_GCC_Support/ewl/lib/armv6-m\libc.a(memset.o)
 .ARM.attributes
                0x00000436       0x31 C:/Freescale/CW MCU v10.3/MCU/ARM_GCC_Support/ewl/lib/armv6-m\libc.a(strcmp.o)
 .ARM.attributes
                0x00000467       0x31 C:/Freescale/CW MCU v10.3/MCU/ARM_GCC_Support/ewl/lib/armv6-m\libc.a(strcpy.o)
 .ARM.attributes
                0x00000498       0x31 C:/Freescale/CW MCU v10.3/MCU/ARM_GCC_Support/ewl/lib/armv6-m\libc.a(strlen.o)
 .ARM.attributes
                0x000004c9       0x31 C:/Freescale/CW MCU v10.3/MCU/ARM_GCC_Support/ewl/lib/armv6-m\libc.a(printformat_.o)
 .ARM.attributes
                0x000004fa       0x31 C:/Freescale/CW MCU v10.3/MCU/ARM_GCC_Support/ewl/lib/armv6-m\libc.a(scanformat_.o)
 .ARM.attributes
                0x0000052b       0x31 C:/Freescale/CW MCU v10.3/MCU/ARM_GCC_Support/ewl/lib/armv6-m\libc.a(ctype_aeabi.o)
 .ARM.attributes
                0x0000055c       0x31 C:/Freescale/CW MCU v10.3/MCU/ARM_GCC_Support/ewl/lib/armv6-m\libc.a(vsnprintf.o)
 .ARM.attributes
                0x0000058d       0x31 C:/Freescale/CW MCU v10.3/MCU/ARM_GCC_Support/ewl/lib/armv6-m\libc.a(__strtoul.o)
 .ARM.attributes
                0x000005be       0x31 C:/Freescale/CW MCU v10.3/MCU/ARM_GCC_Support/ewl/lib/armv6-m\libc.a(__filll_mem.o)
 .ARM.attributes
                0x000005ef       0x31 C:/Freescale/CW MCU v10.3/MCU/ARM_GCC_Support/ewl/lib/armv6-m\libc.a(memchr.o)
 .ARM.attributes
                0x00000620       0x31 C:/Freescale/CW MCU v10.3/MCU/ARM_GCC_Support/ewl/lib/armv6-m\libc.a(memcpy.o)
 .ARM.attributes
                0x00000651       0x31 C:/Freescale/CW MCU v10.3/MCU/ARM_GCC_Support/ewl/lib/armv6-m\libc.a(strchr.o)
 .ARM.attributes
                0x00000682       0x1e c:/freescale/cw mcu v10.3/cross_tools/arm-none-eabi-gcc-4_6_2/bin/../lib/gcc/arm-none-eabi/4.6.2/armv6-m\libgcc.a(_thumb1_case_uqi.o)
 .ARM.attributes
                0x000006a0       0x1e c:/freescale/cw mcu v10.3/cross_tools/arm-none-eabi-gcc-4_6_2/bin/../lib/gcc/arm-none-eabi/4.6.2/armv6-m\libgcc.a(_udivsi3.o)
 .ARM.attributes
                0x000006be       0x1e c:/freescale/cw mcu v10.3/cross_tools/arm-none-eabi-gcc-4_6_2/bin/../lib/gcc/arm-none-eabi/4.6.2/armv6-m\libgcc.a(_divsi3.o)
 .ARM.attributes
                0x000006dc       0x1e c:/freescale/cw mcu v10.3/cross_tools/arm-none-eabi-gcc-4_6_2/bin/../lib/gcc/arm-none-eabi/4.6.2/armv6-m\libgcc.a(_dvmd_tls.o)
 .ARM.attributes
                0x000006fa       0x1e c:/freescale/cw mcu v10.3/cross_tools/arm-none-eabi-gcc-4_6_2/bin/../lib/gcc/arm-none-eabi/4.6.2/armv6-m\libgcc.a(_arm_cmpsf2.o)
 .ARM.attributes
                0x00000718       0x2c c:/freescale/cw mcu v10.3/cross_tools/arm-none-eabi-gcc-4_6_2/bin/../lib/gcc/arm-none-eabi/4.6.2/armv6-m\libgcc.a(_fixunssfsi.o)
 .ARM.attributes
                0x00000744       0x2c c:/freescale/cw mcu v10.3/cross_tools/arm-none-eabi-gcc-4_6_2/bin/../lib/gcc/arm-none-eabi/4.6.2/armv6-m\libgcc.a(divsf3.o)
 .ARM.attributes
                0x00000770       0x2c c:/freescale/cw mcu v10.3/cross_tools/arm-none-eabi-gcc-4_6_2/bin/../lib/gcc/arm-none-eabi/4.6.2/armv6-m\libgcc.a(eqsf2.o)
 .ARM.attributes
                0x0000079c       0x2c c:/freescale/cw mcu v10.3/cross_tools/arm-none-eabi-gcc-4_6_2/bin/../lib/gcc/arm-none-eabi/4.6.2/armv6-m\libgcc.a(gesf2.o)
 .ARM.attributes
                0x000007c8       0x2c c:/freescale/cw mcu v10.3/cross_tools/arm-none-eabi-gcc-4_6_2/bin/../lib/gcc/arm-none-eabi/4.6.2/armv6-m\libgcc.a(lesf2.o)
 .ARM.attributes
                0x000007f4       0x2c c:/freescale/cw mcu v10.3/cross_tools/arm-none-eabi-gcc-4_6_2/bin/../lib/gcc/arm-none-eabi/4.6.2/armv6-m\libgcc.a(mulsf3.o)
 .ARM.attributes
                0x00000820       0x2c c:/freescale/cw mcu v10.3/cross_tools/arm-none-eabi-gcc-4_6_2/bin/../lib/gcc/arm-none-eabi/4.6.2/armv6-m\libgcc.a(subsf3.o)
 .ARM.attributes
                0x0000084c       0x2c c:/freescale/cw mcu v10.3/cross_tools/arm-none-eabi-gcc-4_6_2/bin/../lib/gcc/arm-none-eabi/4.6.2/armv6-m\libgcc.a(fixsfsi.o)
 .ARM.attributes
                0x00000878       0x2c c:/freescale/cw mcu v10.3/cross_tools/arm-none-eabi-gcc-4_6_2/bin/../lib/gcc/arm-none-eabi/4.6.2/armv6-m\libgcc.a(floatsisf.o)
 .ARM.attributes
                0x000008a4       0x2c c:/freescale/cw mcu v10.3/cross_tools/arm-none-eabi-gcc-4_6_2/bin/../lib/gcc/arm-none-eabi/4.6.2/armv6-m\libgcc.a(floatunsisf.o)
 .ARM.attributes
                0x000008d0       0x2c c:/freescale/cw mcu v10.3/cross_tools/arm-none-eabi-gcc-4_6_2/bin/../lib/gcc/arm-none-eabi/4.6.2/armv6-m\libgcc.a(adddf3.o)
 .ARM.attributes
                0x000008fc       0x2c c:/freescale/cw mcu v10.3/cross_tools/arm-none-eabi-gcc-4_6_2/bin/../lib/gcc/arm-none-eabi/4.6.2/armv6-m\libgcc.a(divdf3.o)
 .ARM.attributes
                0x00000928       0x2c c:/freescale/cw mcu v10.3/cross_tools/arm-none-eabi-gcc-4_6_2/bin/../lib/gcc/arm-none-eabi/4.6.2/armv6-m\libgcc.a(muldf3.o)
 .ARM.attributes
                0x00000954       0x2c c:/freescale/cw mcu v10.3/cross_tools/arm-none-eabi-gcc-4_6_2/bin/../lib/gcc/arm-none-eabi/4.6.2/armv6-m\libgcc.a(floatunsidf.o)
 .ARM.attributes
                0x00000980       0x2c c:/freescale/cw mcu v10.3/cross_tools/arm-none-eabi-gcc-4_6_2/bin/../lib/gcc/arm-none-eabi/4.6.2/armv6-m\libgcc.a(extendsfdf2.o)
 .ARM.attributes
                0x000009ac       0x2c c:/freescale/cw mcu v10.3/cross_tools/arm-none-eabi-gcc-4_6_2/bin/../lib/gcc/arm-none-eabi/4.6.2/armv6-m\libgcc.a(truncdfsf2.o)
 .ARM.attributes
                0x000009d8       0x1e c:/freescale/cw mcu v10.3/cross_tools/arm-none-eabi-gcc-4_6_2/bin/../lib/gcc/arm-none-eabi/4.6.2/armv6-m\libgcc.a(_clzsi2.o)
 .ARM.attributes
                0x000009f6       0x31 C:/Freescale/CW MCU v10.3/MCU/ARM_GCC_Support/ewl/lib/armv6-m\librt.a(gcc_ctor_dtor.o)
 .ARM.attributes
                0x00000a27       0x31 C:/Freescale/CW MCU v10.3/MCU/ARM_GCC_Support/ewl/lib/armv6-m\librt.a(ROMCopy.o)
 .ARM.attributes
                0x00000a58       0x31 C:/Freescale/CW MCU v10.3/MCU/ARM_GCC_Support/ewl/lib/armv6-m\librt.a(__arm_eabi_init.o)
OUTPUT(FRDM-TRC.elf elf32-littlearm)

.debug_info     0x00000000     0x74dd
 .debug_info    0x00000000      0x246 ./Sources/main_c.obj
 .debug_info    0x00000246      0x129 ./Sources/TFC/TFC_c.obj
 .debug_info    0x0000036f      0xb80 ./Sources/TFC/TFC_ADC_c.obj
 .debug_info    0x00000eef      0x1af ./Sources/TFC/TFC_ARM_SysTick_c.obj
 .debug_info    0x0000109e      0x427 ./Sources/TFC/TFC_BoardSupport_c.obj
 .debug_info    0x000014c5      0xda9 ./Sources/TFC/TFC_CrystalClock_c.obj
 .debug_info    0x0000226e      0x61d ./Sources/TFC/TFC_LineScanCamera_c.obj
 .debug_info    0x0000288b      0x496 ./Sources/TFC/TFC_Motor_c.obj
 .debug_info    0x00002d21      0x113 ./Sources/TFC/TFC_Potentiometer_c.obj
 .debug_info    0x00002e34      0x303 ./Sources/TFC/TFC_Queue_c.obj
 .debug_info    0x00003137      0x622 ./Sources/TFC/TFC_Servo_c.obj
 .debug_info    0x00003759      0x524 ./Sources/TFC/TFC_Terminal_c.obj
 .debug_info    0x00003c7d      0x880 ./Sources/TFC/TFC_UART_c.obj
 .debug_info    0x000044fd      0x3d3 ./Sources/TFC/TFC_arm_cm0_c.obj
 .debug_info    0x000048d0       0x5c ./Project_Settings/Startup_Code/__arm_end_c.obj
 .debug_info    0x0000492c      0x138 ./Project_Settings/Startup_Code/__arm_start_c.obj
 .debug_info    0x00004a64      0x469 ./Project_Settings/Startup_Code/kinetis_sysinit_c.obj
 .debug_info    0x00004ecd      0x119 C:/Freescale/CW MCU v10.3/MCU/ARM_GCC_Support/ewl/lib/armv6-m\libc.a(sscanf.o)
 .debug_info    0x00004fe6      0x12b C:/Freescale/CW MCU v10.3/MCU/ARM_GCC_Support/ewl/lib/armv6-m\libc.a(vsprintf.o)
 .debug_info    0x00005111      0x254 C:/Freescale/CW MCU v10.3/MCU/ARM_GCC_Support/ewl/lib/armv6-m\libc.a(vsscanf.o)
 .debug_info    0x00005365      0x103 C:/Freescale/CW MCU v10.3/MCU/ARM_GCC_Support/ewl/lib/armv6-m\libc.a(exit.o)
 .debug_info    0x00005468       0xf4 C:/Freescale/CW MCU v10.3/MCU/ARM_GCC_Support/ewl/lib/armv6-m\libc.a(memset.o)
 .debug_info    0x0000555c      0x115 C:/Freescale/CW MCU v10.3/MCU/ARM_GCC_Support/ewl/lib/armv6-m\libc.a(strcmp.o)
 .debug_info    0x00005671      0x110 C:/Freescale/CW MCU v10.3/MCU/ARM_GCC_Support/ewl/lib/armv6-m\libc.a(strcpy.o)
 .debug_info    0x00005781       0xf4 C:/Freescale/CW MCU v10.3/MCU/ARM_GCC_Support/ewl/lib/armv6-m\libc.a(strlen.o)
 .debug_info    0x00005875      0x512 C:/Freescale/CW MCU v10.3/MCU/ARM_GCC_Support/ewl/lib/armv6-m\libc.a(printformat_.o)
 .debug_info    0x00005d87      0x567 C:/Freescale/CW MCU v10.3/MCU/ARM_GCC_Support/ewl/lib/armv6-m\libc.a(scanformat_.o)
 .debug_info    0x000062ee      0x337 C:/Freescale/CW MCU v10.3/MCU/ARM_GCC_Support/ewl/lib/armv6-m\libc.a(ctype_aeabi.o)
 .debug_info    0x00006625      0x206 C:/Freescale/CW MCU v10.3/MCU/ARM_GCC_Support/ewl/lib/armv6-m\libc.a(vsnprintf.o)
 .debug_info    0x0000682b      0x1d7 C:/Freescale/CW MCU v10.3/MCU/ARM_GCC_Support/ewl/lib/armv6-m\libc.a(__strtoul.o)
 .debug_info    0x00006a02      0x13f C:/Freescale/CW MCU v10.3/MCU/ARM_GCC_Support/ewl/lib/armv6-m\libc.a(__filll_mem.o)
 .debug_info    0x00006b41      0x129 C:/Freescale/CW MCU v10.3/MCU/ARM_GCC_Support/ewl/lib/armv6-m\libc.a(memchr.o)
 .debug_info    0x00006c6a      0x113 C:/Freescale/CW MCU v10.3/MCU/ARM_GCC_Support/ewl/lib/armv6-m\libc.a(memcpy.o)
 .debug_info    0x00006d7d      0x113 C:/Freescale/CW MCU v10.3/MCU/ARM_GCC_Support/ewl/lib/armv6-m\libc.a(strchr.o)
 .debug_info    0x00006e90      0x1c0 C:/Freescale/CW MCU v10.3/MCU/ARM_GCC_Support/ewl/lib/armv6-m\librt.a(gcc_ctor_dtor.o)
 .debug_info    0x00007050      0x1b9 C:/Freescale/CW MCU v10.3/MCU/ARM_GCC_Support/ewl/lib/armv6-m\librt.a(ROMCopy.o)
 .debug_info    0x00007209      0x2d4 C:/Freescale/CW MCU v10.3/MCU/ARM_GCC_Support/ewl/lib/armv6-m\librt.a(__arm_eabi_init.o)

.debug_abbrev   0x00000000     0x22d3
 .debug_abbrev  0x00000000       0xdb ./Sources/main_c.obj
 .debug_abbrev  0x000000db       0x87 ./Sources/TFC/TFC_c.obj
 .debug_abbrev  0x00000162      0x1a4 ./Sources/TFC/TFC_ADC_c.obj
 .debug_abbrev  0x00000306      0x110 ./Sources/TFC/TFC_ARM_SysTick_c.obj
 .debug_abbrev  0x00000416      0x10a ./Sources/TFC/TFC_BoardSupport_c.obj
 .debug_abbrev  0x00000520      0x1a4 ./Sources/TFC/TFC_CrystalClock_c.obj
 .debug_abbrev  0x000006c4      0x124 ./Sources/TFC/TFC_LineScanCamera_c.obj
 .debug_abbrev  0x000007e8       0xf3 ./Sources/TFC/TFC_Motor_c.obj
 .debug_abbrev  0x000008db       0x89 ./Sources/TFC/TFC_Potentiometer_c.obj
 .debug_abbrev  0x00000964      0x10b ./Sources/TFC/TFC_Queue_c.obj
 .debug_abbrev  0x00000a6f      0x12b ./Sources/TFC/TFC_Servo_c.obj
 .debug_abbrev  0x00000b9a      0x147 ./Sources/TFC/TFC_Terminal_c.obj
 .debug_abbrev  0x00000ce1      0x195 ./Sources/TFC/TFC_UART_c.obj
 .debug_abbrev  0x00000e76      0x106 ./Sources/TFC/TFC_arm_cm0_c.obj
 .debug_abbrev  0x00000f7c       0x50 ./Project_Settings/Startup_Code/__arm_end_c.obj
 .debug_abbrev  0x00000fcc       0x96 ./Project_Settings/Startup_Code/__arm_start_c.obj
 .debug_abbrev  0x00001062       0xeb ./Project_Settings/Startup_Code/kinetis_sysinit_c.obj
 .debug_abbrev  0x0000114d       0xb5 C:/Freescale/CW MCU v10.3/MCU/ARM_GCC_Support/ewl/lib/armv6-m\libc.a(sscanf.o)
 .debug_abbrev  0x00001202       0xa1 C:/Freescale/CW MCU v10.3/MCU/ARM_GCC_Support/ewl/lib/armv6-m\libc.a(vsprintf.o)
 .debug_abbrev  0x000012a3      0x163 C:/Freescale/CW MCU v10.3/MCU/ARM_GCC_Support/ewl/lib/armv6-m\libc.a(vsscanf.o)
 .debug_abbrev  0x00001406       0x8f C:/Freescale/CW MCU v10.3/MCU/ARM_GCC_Support/ewl/lib/armv6-m\libc.a(exit.o)
 .debug_abbrev  0x00001495       0x66 C:/Freescale/CW MCU v10.3/MCU/ARM_GCC_Support/ewl/lib/armv6-m\libc.a(memset.o)
 .debug_abbrev  0x000014fb       0x8d C:/Freescale/CW MCU v10.3/MCU/ARM_GCC_Support/ewl/lib/armv6-m\libc.a(strcmp.o)
 .debug_abbrev  0x00001588       0x9a C:/Freescale/CW MCU v10.3/MCU/ARM_GCC_Support/ewl/lib/armv6-m\libc.a(strcpy.o)
 .debug_abbrev  0x00001622       0x7e C:/Freescale/CW MCU v10.3/MCU/ARM_GCC_Support/ewl/lib/armv6-m\libc.a(strlen.o)
 .debug_abbrev  0x000016a0      0x204 C:/Freescale/CW MCU v10.3/MCU/ARM_GCC_Support/ewl/lib/armv6-m\libc.a(printformat_.o)
 .debug_abbrev  0x000018a4      0x1fb C:/Freescale/CW MCU v10.3/MCU/ARM_GCC_Support/ewl/lib/armv6-m\libc.a(scanformat_.o)
 .debug_abbrev  0x00001a9f       0xb3 C:/Freescale/CW MCU v10.3/MCU/ARM_GCC_Support/ewl/lib/armv6-m\libc.a(ctype_aeabi.o)
 .debug_abbrev  0x00001b52       0xf4 C:/Freescale/CW MCU v10.3/MCU/ARM_GCC_Support/ewl/lib/armv6-m\libc.a(vsnprintf.o)
 .debug_abbrev  0x00001c46       0xc6 C:/Freescale/CW MCU v10.3/MCU/ARM_GCC_Support/ewl/lib/armv6-m\libc.a(__strtoul.o)
 .debug_abbrev  0x00001d0c       0x7c C:/Freescale/CW MCU v10.3/MCU/ARM_GCC_Support/ewl/lib/armv6-m\libc.a(__filll_mem.o)
 .debug_abbrev  0x00001d88       0x99 C:/Freescale/CW MCU v10.3/MCU/ARM_GCC_Support/ewl/lib/armv6-m\libc.a(memchr.o)
 .debug_abbrev  0x00001e21       0x97 C:/Freescale/CW MCU v10.3/MCU/ARM_GCC_Support/ewl/lib/armv6-m\libc.a(memcpy.o)
 .debug_abbrev  0x00001eb8       0x7e C:/Freescale/CW MCU v10.3/MCU/ARM_GCC_Support/ewl/lib/armv6-m\libc.a(strchr.o)
 .debug_abbrev  0x00001f36       0x9d C:/Freescale/CW MCU v10.3/MCU/ARM_GCC_Support/ewl/lib/armv6-m\librt.a(gcc_ctor_dtor.o)
 .debug_abbrev  0x00001fd3      0x149 C:/Freescale/CW MCU v10.3/MCU/ARM_GCC_Support/ewl/lib/armv6-m\librt.a(ROMCopy.o)
 .debug_abbrev  0x0000211c      0x1b7 C:/Freescale/CW MCU v10.3/MCU/ARM_GCC_Support/ewl/lib/armv6-m\librt.a(__arm_eabi_init.o)

.debug_loc      0x00000000     0x3e1c
 .debug_loc     0x00000000       0x38 ./Sources/main_c.obj
 .debug_loc     0x00000038       0x58 ./Sources/TFC/TFC_c.obj
 .debug_loc     0x00000090      0x170 ./Sources/TFC/TFC_ADC_c.obj
 .debug_loc     0x00000200       0xa8 ./Sources/TFC/TFC_ARM_SysTick_c.obj
 .debug_loc     0x000002a8       0x9c ./Sources/TFC/TFC_BoardSupport_c.obj
 .debug_loc     0x00000344      0x614 ./Sources/TFC/TFC_CrystalClock_c.obj
 .debug_loc     0x00000958       0x64 ./Sources/TFC/TFC_LineScanCamera_c.obj
 .debug_loc     0x000009bc       0x64 ./Sources/TFC/TFC_Motor_c.obj
 .debug_loc     0x00000a20       0x70 ./Sources/TFC/TFC_Potentiometer_c.obj
 .debug_loc     0x00000a90      0x194 ./Sources/TFC/TFC_Queue_c.obj
 .debug_loc     0x00000c24       0xc8 ./Sources/TFC/TFC_Servo_c.obj
 .debug_loc     0x00000cec      0x218 ./Sources/TFC/TFC_Terminal_c.obj
 .debug_loc     0x00000f04      0x170 ./Sources/TFC/TFC_UART_c.obj
 .debug_loc     0x00001074      0x138 ./Sources/TFC/TFC_arm_cm0_c.obj
 .debug_loc     0x000011ac       0x38 ./Project_Settings/Startup_Code/__arm_end_c.obj
 .debug_loc     0x000011e4       0x2c ./Project_Settings/Startup_Code/__arm_start_c.obj
 .debug_loc     0x00001210       0x58 ./Project_Settings/Startup_Code/kinetis_sysinit_c.obj
 .debug_loc     0x00001268       0x3f C:/Freescale/CW MCU v10.3/MCU/ARM_GCC_Support/ewl/lib/armv6-m\libc.a(sscanf.o)
 .debug_loc     0x000012a7       0x64 C:/Freescale/CW MCU v10.3/MCU/ARM_GCC_Support/ewl/lib/armv6-m\libc.a(vsprintf.o)
 .debug_loc     0x0000130b      0x171 C:/Freescale/CW MCU v10.3/MCU/ARM_GCC_Support/ewl/lib/armv6-m\libc.a(vsscanf.o)
 .debug_loc     0x0000147c       0x3e C:/Freescale/CW MCU v10.3/MCU/ARM_GCC_Support/ewl/lib/armv6-m\libc.a(exit.o)
 .debug_loc     0x000014ba       0x6f C:/Freescale/CW MCU v10.3/MCU/ARM_GCC_Support/ewl/lib/armv6-m\libc.a(memset.o)
 .debug_loc     0x00001529       0x64 C:/Freescale/CW MCU v10.3/MCU/ARM_GCC_Support/ewl/lib/armv6-m\libc.a(strcmp.o)
 .debug_loc     0x0000158d       0x46 C:/Freescale/CW MCU v10.3/MCU/ARM_GCC_Support/ewl/lib/armv6-m\libc.a(strcpy.o)
 .debug_loc     0x000015d3       0x51 C:/Freescale/CW MCU v10.3/MCU/ARM_GCC_Support/ewl/lib/armv6-m\libc.a(strlen.o)
 .debug_loc     0x00001624     0x1072 C:/Freescale/CW MCU v10.3/MCU/ARM_GCC_Support/ewl/lib/armv6-m\libc.a(printformat_.o)
 .debug_loc     0x00002696      0xb25 C:/Freescale/CW MCU v10.3/MCU/ARM_GCC_Support/ewl/lib/armv6-m\libc.a(scanformat_.o)
 .debug_loc     0x000031bb      0x2f7 C:/Freescale/CW MCU v10.3/MCU/ARM_GCC_Support/ewl/lib/armv6-m\libc.a(ctype_aeabi.o)
 .debug_loc     0x000034b2      0x105 C:/Freescale/CW MCU v10.3/MCU/ARM_GCC_Support/ewl/lib/armv6-m\libc.a(vsnprintf.o)
 .debug_loc     0x000035b7      0x274 C:/Freescale/CW MCU v10.3/MCU/ARM_GCC_Support/ewl/lib/armv6-m\libc.a(__strtoul.o)
 .debug_loc     0x0000382b      0x16b C:/Freescale/CW MCU v10.3/MCU/ARM_GCC_Support/ewl/lib/armv6-m\libc.a(__filll_mem.o)
 .debug_loc     0x00003996       0x82 C:/Freescale/CW MCU v10.3/MCU/ARM_GCC_Support/ewl/lib/armv6-m\libc.a(memchr.o)
 .debug_loc     0x00003a18       0x46 C:/Freescale/CW MCU v10.3/MCU/ARM_GCC_Support/ewl/lib/armv6-m\libc.a(memcpy.o)
 .debug_loc     0x00003a5e       0xab C:/Freescale/CW MCU v10.3/MCU/ARM_GCC_Support/ewl/lib/armv6-m\libc.a(strchr.o)
 .debug_loc     0x00003b09       0xbe C:/Freescale/CW MCU v10.3/MCU/ARM_GCC_Support/ewl/lib/armv6-m\librt.a(gcc_ctor_dtor.o)
 .debug_loc     0x00003bc7       0xbb C:/Freescale/CW MCU v10.3/MCU/ARM_GCC_Support/ewl/lib/armv6-m\librt.a(ROMCopy.o)
 .debug_loc     0x00003c82      0x19a C:/Freescale/CW MCU v10.3/MCU/ARM_GCC_Support/ewl/lib/armv6-m\librt.a(__arm_eabi_init.o)

.debug_aranges  0x00000000      0x7b8
 .debug_aranges
                0x00000000       0x20 ./Sources/main_c.obj
 .debug_aranges
                0x00000020       0x28 ./Sources/TFC/TFC_c.obj
 .debug_aranges
                0x00000048       0x50 ./Sources/TFC/TFC_ADC_c.obj
 .debug_aranges
                0x00000098       0x30 ./Sources/TFC/TFC_ARM_SysTick_c.obj
 .debug_aranges
                0x000000c8       0x30 ./Sources/TFC/TFC_BoardSupport_c.obj
 .debug_aranges
                0x000000f8       0xf8 ./Sources/TFC/TFC_CrystalClock_c.obj
 .debug_aranges
                0x000001f0       0x28 ./Sources/TFC/TFC_LineScanCamera_c.obj
 .debug_aranges
                0x00000218       0x28 ./Sources/TFC/TFC_Motor_c.obj
 .debug_aranges
                0x00000240       0x28 ./Sources/TFC/TFC_Potentiometer_c.obj
 .debug_aranges
                0x00000268       0x50 ./Sources/TFC/TFC_Queue_c.obj
 .debug_aranges
                0x000002b8       0x38 ./Sources/TFC/TFC_Servo_c.obj
 .debug_aranges
                0x000002f0       0x68 ./Sources/TFC/TFC_Terminal_c.obj
 .debug_aranges
                0x00000358       0x50 ./Sources/TFC/TFC_UART_c.obj
 .debug_aranges
                0x000003a8       0x48 ./Sources/TFC/TFC_arm_cm0_c.obj
 .debug_aranges
                0x000003f0       0x20 ./Project_Settings/Startup_Code/__arm_end_c.obj
 .debug_aranges
                0x00000410       0x30 ./Project_Settings/Startup_Code/__arm_start_c.obj
 .debug_aranges
                0x00000440       0x28 ./Project_Settings/Startup_Code/kinetis_sysinit_c.obj
 .debug_aranges
                0x00000468       0x20 C:/Freescale/CW MCU v10.3/MCU/ARM_GCC_Support/ewl/lib/armv6-m\libc.a(sscanf.o)
 .debug_aranges
                0x00000488       0x20 C:/Freescale/CW MCU v10.3/MCU/ARM_GCC_Support/ewl/lib/armv6-m\libc.a(vsprintf.o)
 .debug_aranges
                0x000004a8       0x28 C:/Freescale/CW MCU v10.3/MCU/ARM_GCC_Support/ewl/lib/armv6-m\libc.a(vsscanf.o)
 .debug_aranges
                0x000004d0       0x20 C:/Freescale/CW MCU v10.3/MCU/ARM_GCC_Support/ewl/lib/armv6-m\libc.a(exit.o)
 .debug_aranges
                0x000004f0       0x20 C:/Freescale/CW MCU v10.3/MCU/ARM_GCC_Support/ewl/lib/armv6-m\libc.a(memset.o)
 .debug_aranges
                0x00000510       0x20 C:/Freescale/CW MCU v10.3/MCU/ARM_GCC_Support/ewl/lib/armv6-m\libc.a(strcmp.o)
 .debug_aranges
                0x00000530       0x20 C:/Freescale/CW MCU v10.3/MCU/ARM_GCC_Support/ewl/lib/armv6-m\libc.a(strcpy.o)
 .debug_aranges
                0x00000550       0x20 C:/Freescale/CW MCU v10.3/MCU/ARM_GCC_Support/ewl/lib/armv6-m\libc.a(strlen.o)
 .debug_aranges
                0x00000570       0x28 C:/Freescale/CW MCU v10.3/MCU/ARM_GCC_Support/ewl/lib/armv6-m\libc.a(printformat_.o)
 .debug_aranges
                0x00000598       0x20 C:/Freescale/CW MCU v10.3/MCU/ARM_GCC_Support/ewl/lib/armv6-m\libc.a(scanformat_.o)
 .debug_aranges
                0x000005b8       0x88 C:/Freescale/CW MCU v10.3/MCU/ARM_GCC_Support/ewl/lib/armv6-m\libc.a(ctype_aeabi.o)
 .debug_aranges
                0x00000640       0x28 C:/Freescale/CW MCU v10.3/MCU/ARM_GCC_Support/ewl/lib/armv6-m\libc.a(vsnprintf.o)
 .debug_aranges
                0x00000668       0x20 C:/Freescale/CW MCU v10.3/MCU/ARM_GCC_Support/ewl/lib/armv6-m\libc.a(__strtoul.o)
 .debug_aranges
                0x00000688       0x20 C:/Freescale/CW MCU v10.3/MCU/ARM_GCC_Support/ewl/lib/armv6-m\libc.a(__filll_mem.o)
 .debug_aranges
                0x000006a8       0x20 C:/Freescale/CW MCU v10.3/MCU/ARM_GCC_Support/ewl/lib/armv6-m\libc.a(memchr.o)
 .debug_aranges
                0x000006c8       0x20 C:/Freescale/CW MCU v10.3/MCU/ARM_GCC_Support/ewl/lib/armv6-m\libc.a(memcpy.o)
 .debug_aranges
                0x000006e8       0x20 C:/Freescale/CW MCU v10.3/MCU/ARM_GCC_Support/ewl/lib/armv6-m\libc.a(strchr.o)
 .debug_aranges
                0x00000708       0x28 C:/Freescale/CW MCU v10.3/MCU/ARM_GCC_Support/ewl/lib/armv6-m\librt.a(gcc_ctor_dtor.o)
 .debug_aranges
                0x00000730       0x30 C:/Freescale/CW MCU v10.3/MCU/ARM_GCC_Support/ewl/lib/armv6-m\librt.a(ROMCopy.o)
 .debug_aranges
                0x00000760       0x58 C:/Freescale/CW MCU v10.3/MCU/ARM_GCC_Support/ewl/lib/armv6-m\librt.a(__arm_eabi_init.o)

.debug_line     0x00000000     0x6843
 .debug_line    0x00000000      0x4b0 ./Sources/main_c.obj
 .debug_line    0x000004b0      0x45e ./Sources/TFC/TFC_c.obj
 .debug_line    0x0000090e      0x569 ./Sources/TFC/TFC_ADC_c.obj
 .debug_line    0x00000e77      0x499 ./Sources/TFC/TFC_ARM_SysTick_c.obj
 .debug_line    0x00001310      0x491 ./Sources/TFC/TFC_BoardSupport_c.obj
 .debug_line    0x000017a1      0xff2 ./Sources/TFC/TFC_CrystalClock_c.obj
 .debug_line    0x00002793      0x473 ./Sources/TFC/TFC_LineScanCamera_c.obj
 .debug_line    0x00002c06      0x48c ./Sources/TFC/TFC_Motor_c.obj
 .debug_line    0x00003092      0x467 ./Sources/TFC/TFC_Potentiometer_c.obj
 .debug_line    0x000034f9      0x4fc ./Sources/TFC/TFC_Queue_c.obj
 .debug_line    0x000039f5      0x498 ./Sources/TFC/TFC_Servo_c.obj
 .debug_line    0x00003e8d      0x5b7 ./Sources/TFC/TFC_Terminal_c.obj
 .debug_line    0x00004444      0x526 ./Sources/TFC/TFC_UART_c.obj
 .debug_line    0x0000496a      0x2ea ./Sources/TFC/TFC_arm_cm0_c.obj
 .debug_line    0x00004c54      0x26a ./Project_Settings/Startup_Code/__arm_end_c.obj
 .debug_line    0x00004ebe      0x2c7 ./Project_Settings/Startup_Code/__arm_start_c.obj
 .debug_line    0x00005185      0x244 ./Project_Settings/Startup_Code/kinetis_sysinit_c.obj
 .debug_line    0x000053c9       0x91 C:/Freescale/CW MCU v10.3/MCU/ARM_GCC_Support/ewl/lib/armv6-m\libc.a(sscanf.o)
 .debug_line    0x0000545a       0x94 C:/Freescale/CW MCU v10.3/MCU/ARM_GCC_Support/ewl/lib/armv6-m\libc.a(vsprintf.o)
 .debug_line    0x000054ee       0xcc C:/Freescale/CW MCU v10.3/MCU/ARM_GCC_Support/ewl/lib/armv6-m\libc.a(vsscanf.o)
 .debug_line    0x000055ba       0x8d C:/Freescale/CW MCU v10.3/MCU/ARM_GCC_Support/ewl/lib/armv6-m\libc.a(exit.o)
 .debug_line    0x00005647       0x90 C:/Freescale/CW MCU v10.3/MCU/ARM_GCC_Support/ewl/lib/armv6-m\libc.a(memset.o)
 .debug_line    0x000056d7       0x8c C:/Freescale/CW MCU v10.3/MCU/ARM_GCC_Support/ewl/lib/armv6-m\libc.a(strcmp.o)
 .debug_line    0x00005763       0x80 C:/Freescale/CW MCU v10.3/MCU/ARM_GCC_Support/ewl/lib/armv6-m\libc.a(strcpy.o)
 .debug_line    0x000057e3       0x9b C:/Freescale/CW MCU v10.3/MCU/ARM_GCC_Support/ewl/lib/armv6-m\libc.a(strlen.o)
 .debug_line    0x0000587e      0x2d2 C:/Freescale/CW MCU v10.3/MCU/ARM_GCC_Support/ewl/lib/armv6-m\libc.a(printformat_.o)
 .debug_line    0x00005b50      0x32b C:/Freescale/CW MCU v10.3/MCU/ARM_GCC_Support/ewl/lib/armv6-m\libc.a(scanformat_.o)
 .debug_line    0x00005e7b      0x21d C:/Freescale/CW MCU v10.3/MCU/ARM_GCC_Support/ewl/lib/armv6-m\libc.a(ctype_aeabi.o)
 .debug_line    0x00006098       0xec C:/Freescale/CW MCU v10.3/MCU/ARM_GCC_Support/ewl/lib/armv6-m\libc.a(vsnprintf.o)
 .debug_line    0x00006184      0x147 C:/Freescale/CW MCU v10.3/MCU/ARM_GCC_Support/ewl/lib/armv6-m\libc.a(__strtoul.o)
 .debug_line    0x000062cb      0x140 C:/Freescale/CW MCU v10.3/MCU/ARM_GCC_Support/ewl/lib/armv6-m\libc.a(__filll_mem.o)
 .debug_line    0x0000640b       0xa3 C:/Freescale/CW MCU v10.3/MCU/ARM_GCC_Support/ewl/lib/armv6-m\libc.a(memchr.o)
 .debug_line    0x000064ae       0x8d C:/Freescale/CW MCU v10.3/MCU/ARM_GCC_Support/ewl/lib/armv6-m\libc.a(memcpy.o)
 .debug_line    0x0000653b       0x84 C:/Freescale/CW MCU v10.3/MCU/ARM_GCC_Support/ewl/lib/armv6-m\libc.a(strchr.o)
 .debug_line    0x000065bf       0x9d C:/Freescale/CW MCU v10.3/MCU/ARM_GCC_Support/ewl/lib/armv6-m\librt.a(gcc_ctor_dtor.o)
 .debug_line    0x0000665c       0xce C:/Freescale/CW MCU v10.3/MCU/ARM_GCC_Support/ewl/lib/armv6-m\librt.a(ROMCopy.o)
 .debug_line    0x0000672a      0x119 C:/Freescale/CW MCU v10.3/MCU/ARM_GCC_Support/ewl/lib/armv6-m\librt.a(__arm_eabi_init.o)

.debug_macinfo  0x00000000   0x258582
 .debug_macinfo
                0x00000000    0x27c14 ./Sources/main_c.obj
 .debug_macinfo
                0x00027c14    0x27c0c ./Sources/TFC/TFC_c.obj
 .debug_macinfo
                0x0004f820    0x27c9b ./Sources/TFC/TFC_ADC_c.obj
 .debug_macinfo
                0x000774bb    0x27c0c ./Sources/TFC/TFC_ARM_SysTick_c.obj
 .debug_macinfo
                0x0009f0c7    0x27c0c ./Sources/TFC/TFC_BoardSupport_c.obj
 .debug_macinfo
                0x000c6cd3    0x27d03 ./Sources/TFC/TFC_CrystalClock_c.obj
 .debug_macinfo
                0x000ee9d6    0x27c0c ./Sources/TFC/TFC_LineScanCamera_c.obj
 .debug_macinfo
                0x001165e2    0x27cb9 ./Sources/TFC/TFC_Motor_c.obj
 .debug_macinfo
                0x0013e29b    0x27c0c ./Sources/TFC/TFC_Potentiometer_c.obj
 .debug_macinfo
                0x00165ea7    0x27c0c ./Sources/TFC/TFC_Queue_c.obj
 .debug_macinfo
                0x0018dab3    0x27cd5 ./Sources/TFC/TFC_Servo_c.obj
 .debug_macinfo
                0x001b5788    0x27ca0 ./Sources/TFC/TFC_Terminal_c.obj
 .debug_macinfo
                0x001dd428    0x27c0c ./Sources/TFC/TFC_UART_c.obj
 .debug_macinfo
                0x00205034    0x26374 ./Sources/TFC/TFC_arm_cm0_c.obj
 .debug_macinfo
                0x0022b3a8     0x3263 ./Project_Settings/Startup_Code/__arm_end_c.obj
 .debug_macinfo
                0x0022e60b     0x3c7a ./Project_Settings/Startup_Code/__arm_start_c.obj
 .debug_macinfo
                0x00232285    0x262fd ./Project_Settings/Startup_Code/kinetis_sysinit_c.obj

.debug_str      0x00000000     0x1c6e
 .debug_str     0x00000000      0x1e7 ./Sources/main_c.obj
                                0x22a (size before relaxing)
 .debug_str     0x000001e7       0x27 ./Sources/TFC/TFC_c.obj
                                0x1a1 (size before relaxing)
 .debug_str     0x0000020e      0x5be ./Sources/TFC/TFC_ADC_c.obj
                                0x784 (size before relaxing)
 .debug_str     0x000007cc       0x8f ./Sources/TFC/TFC_ARM_SysTick_c.obj
                                0x1e3 (size before relaxing)
 .debug_str     0x0000085b       0x97 ./Sources/TFC/TFC_BoardSupport_c.obj
                                0x2ff (size before relaxing)
 .debug_str     0x000008f2      0x23f ./Sources/TFC/TFC_CrystalClock_c.obj
                                0x489 (size before relaxing)
 .debug_str     0x00000b31       0x67 ./Sources/TFC/TFC_LineScanCamera_c.obj
                                0x3eb (size before relaxing)
 .debug_str     0x00000b98       0x7d ./Sources/TFC/TFC_Motor_c.obj
                                0x2e7 (size before relaxing)
 .debug_str     0x00000c15       0x44 ./Sources/TFC/TFC_Potentiometer_c.obj
                                0x197 (size before relaxing)
 .debug_str     0x00000c59       0x9d ./Sources/TFC/TFC_Queue_c.obj
                                0x248 (size before relaxing)
 .debug_str     0x00000cf6       0x7f ./Sources/TFC/TFC_Servo_c.obj
                                0x555 (size before relaxing)
 .debug_str     0x00000d75      0x1ac ./Sources/TFC/TFC_Terminal_c.obj
                                0x3aa (size before relaxing)
 .debug_str     0x00000f21      0x167 ./Sources/TFC/TFC_UART_c.obj
                                0x673 (size before relaxing)
 .debug_str     0x00001088       0xe3 ./Sources/TFC/TFC_arm_cm0_c.obj
                                0x26a (size before relaxing)
 .debug_str     0x0000116b       0x41 ./Project_Settings/Startup_Code/__arm_end_c.obj
                                 0xfd (size before relaxing)
 .debug_str     0x000011ac       0x85 ./Project_Settings/Startup_Code/__arm_start_c.obj
                                0x1bd (size before relaxing)
 .debug_str     0x00001231       0x7a ./Project_Settings/Startup_Code/kinetis_sysinit_c.obj
                                0x2f0 (size before relaxing)
 .debug_str     0x000012ab       0x3e C:/Freescale/CW MCU v10.3/MCU/ARM_GCC_Support/ewl/lib/armv6-m\libc.a(sscanf.o)
                                0x158 (size before relaxing)
 .debug_str     0x000012e9       0x25 C:/Freescale/CW MCU v10.3/MCU/ARM_GCC_Support/ewl/lib/armv6-m\libc.a(vsprintf.o)
                                0x15e (size before relaxing)
 .debug_str     0x0000130e       0x9c C:/Freescale/CW MCU v10.3/MCU/ARM_GCC_Support/ewl/lib/armv6-m\libc.a(vsscanf.o)
                                0x1dc (size before relaxing)
 .debug_str     0x000013aa       0x2e C:/Freescale/CW MCU v10.3/MCU/ARM_GCC_Support/ewl/lib/armv6-m\libc.a(exit.o)
                                0x14e (size before relaxing)
 .debug_str     0x000013d8       0x23 C:/Freescale/CW MCU v10.3/MCU/ARM_GCC_Support/ewl/lib/armv6-m\libc.a(memset.o)
                                0x140 (size before relaxing)
 .debug_str     0x000013fb       0x26 C:/Freescale/CW MCU v10.3/MCU/ARM_GCC_Support/ewl/lib/armv6-m\libc.a(strcmp.o)
                                0x149 (size before relaxing)
 .debug_str     0x00001421       0x1c C:/Freescale/CW MCU v10.3/MCU/ARM_GCC_Support/ewl/lib/armv6-m\libc.a(strcpy.o)
                                0x139 (size before relaxing)
 .debug_str     0x0000143d       0x1c C:/Freescale/CW MCU v10.3/MCU/ARM_GCC_Support/ewl/lib/armv6-m\libc.a(strlen.o)
                                0x140 (size before relaxing)
 .debug_str     0x00001459      0x21d C:/Freescale/CW MCU v10.3/MCU/ARM_GCC_Support/ewl/lib/armv6-m\libc.a(printformat_.o)
                                0x3aa (size before relaxing)
 .debug_str     0x00001676      0x14b C:/Freescale/CW MCU v10.3/MCU/ARM_GCC_Support/ewl/lib/armv6-m\libc.a(scanformat_.o)
                                0x3f0 (size before relaxing)
 .debug_str     0x000017c1       0x9d C:/Freescale/CW MCU v10.3/MCU/ARM_GCC_Support/ewl/lib/armv6-m\libc.a(ctype_aeabi.o)
                                0x1b3 (size before relaxing)
 .debug_str     0x0000185e       0x7c C:/Freescale/CW MCU v10.3/MCU/ARM_GCC_Support/ewl/lib/armv6-m\libc.a(vsnprintf.o)
                                0x1c3 (size before relaxing)
 .debug_str     0x000018da       0x61 C:/Freescale/CW MCU v10.3/MCU/ARM_GCC_Support/ewl/lib/armv6-m\libc.a(__strtoul.o)
                                0x1f2 (size before relaxing)
 .debug_str     0x0000193b       0x25 C:/Freescale/CW MCU v10.3/MCU/ARM_GCC_Support/ewl/lib/armv6-m\libc.a(__filll_mem.o)
                                0x152 (size before relaxing)
 .debug_str     0x00001960       0x1c C:/Freescale/CW MCU v10.3/MCU/ARM_GCC_Support/ewl/lib/armv6-m\libc.a(memchr.o)
                                0x148 (size before relaxing)
 .debug_str     0x0000197c       0x1c C:/Freescale/CW MCU v10.3/MCU/ARM_GCC_Support/ewl/lib/armv6-m\libc.a(memcpy.o)
                                0x138 (size before relaxing)
 .debug_str     0x00001998       0x1c C:/Freescale/CW MCU v10.3/MCU/ARM_GCC_Support/ewl/lib/armv6-m\libc.a(strchr.o)
                                0x137 (size before relaxing)
 .debug_str     0x000019b4      0x126 C:/Freescale/CW MCU v10.3/MCU/ARM_GCC_Support/ewl/lib/armv6-m\librt.a(gcc_ctor_dtor.o)
                                0x185 (size before relaxing)
 .debug_str     0x00001ada       0x9c C:/Freescale/CW MCU v10.3/MCU/ARM_GCC_Support/ewl/lib/armv6-m\librt.a(ROMCopy.o)
                                0x140 (size before relaxing)
 .debug_str     0x00001b76       0xf8 C:/Freescale/CW MCU v10.3/MCU/ARM_GCC_Support/ewl/lib/armv6-m\librt.a(__arm_eabi_init.o)
                                0x1ac (size before relaxing)

.comment        0x00000000       0x79
 .comment       0x00000000       0x79 ./Sources/main_c.obj
                                 0x7a (size before relaxing)
 .comment       0x00000000       0x7a ./Sources/TFC/TFC_c.obj
 .comment       0x00000000       0x7a ./Sources/TFC/TFC_ADC_c.obj
 .comment       0x00000000       0x7a ./Sources/TFC/TFC_ARM_SysTick_c.obj
 .comment       0x00000000       0x7a ./Sources/TFC/TFC_BoardSupport_c.obj
 .comment       0x00000000       0x7a ./Sources/TFC/TFC_CrystalClock_c.obj
 .comment       0x00000000       0x7a ./Sources/TFC/TFC_LineScanCamera_c.obj
 .comment       0x00000000       0x7a ./Sources/TFC/TFC_Motor_c.obj
 .comment       0x00000000       0x7a ./Sources/TFC/TFC_Potentiometer_c.obj
 .comment       0x00000000       0x7a ./Sources/TFC/TFC_Queue_c.obj
 .comment       0x00000000       0x7a ./Sources/TFC/TFC_Servo_c.obj
 .comment       0x00000000       0x7a ./Sources/TFC/TFC_Terminal_c.obj
 .comment       0x00000000       0x7a ./Sources/TFC/TFC_UART_c.obj
 .comment       0x00000000       0x7a ./Sources/TFC/TFC_arm_cm0_c.obj
 .comment       0x00000000       0x7a ./Project_Settings/Startup_Code/__arm_end_c.obj
 .comment       0x00000000       0x7a ./Project_Settings/Startup_Code/__arm_start_c.obj
 .comment       0x00000000       0x7a ./Project_Settings/Startup_Code/kinetis_sysinit_c.obj
 .comment       0x00000000       0x7a C:/Freescale/CW MCU v10.3/MCU/ARM_GCC_Support/ewl/lib/armv6-m\libc.a(sscanf.o)
 .comment       0x00000000       0x7a C:/Freescale/CW MCU v10.3/MCU/ARM_GCC_Support/ewl/lib/armv6-m\libc.a(vsprintf.o)
 .comment       0x00000000       0x7a C:/Freescale/CW MCU v10.3/MCU/ARM_GCC_Support/ewl/lib/armv6-m\libc.a(vsscanf.o)
 .comment       0x00000000       0x7a C:/Freescale/CW MCU v10.3/MCU/ARM_GCC_Support/ewl/lib/armv6-m\libc.a(exit.o)
 .comment       0x00000000       0x7a C:/Freescale/CW MCU v10.3/MCU/ARM_GCC_Support/ewl/lib/armv6-m\libc.a(memset.o)
 .comment       0x00000000       0x7a C:/Freescale/CW MCU v10.3/MCU/ARM_GCC_Support/ewl/lib/armv6-m\libc.a(strcmp.o)
 .comment       0x00000000       0x7a C:/Freescale/CW MCU v10.3/MCU/ARM_GCC_Support/ewl/lib/armv6-m\libc.a(strcpy.o)
 .comment       0x00000000       0x7a C:/Freescale/CW MCU v10.3/MCU/ARM_GCC_Support/ewl/lib/armv6-m\libc.a(strlen.o)
 .comment       0x00000000       0x7a C:/Freescale/CW MCU v10.3/MCU/ARM_GCC_Support/ewl/lib/armv6-m\libc.a(printformat_.o)
 .comment       0x00000000       0x7a C:/Freescale/CW MCU v10.3/MCU/ARM_GCC_Support/ewl/lib/armv6-m\libc.a(scanformat_.o)
 .comment       0x00000000       0x7a C:/Freescale/CW MCU v10.3/MCU/ARM_GCC_Support/ewl/lib/armv6-m\libc.a(ctype_aeabi.o)
 .comment       0x00000000       0x7a C:/Freescale/CW MCU v10.3/MCU/ARM_GCC_Support/ewl/lib/armv6-m\libc.a(vsnprintf.o)
 .comment       0x00000000       0x7a C:/Freescale/CW MCU v10.3/MCU/ARM_GCC_Support/ewl/lib/armv6-m\libc.a(__strtoul.o)
 .comment       0x00000000       0x7a C:/Freescale/CW MCU v10.3/MCU/ARM_GCC_Support/ewl/lib/armv6-m\libc.a(__filll_mem.o)
 .comment       0x00000000       0x7a C:/Freescale/CW MCU v10.3/MCU/ARM_GCC_Support/ewl/lib/armv6-m\libc.a(memchr.o)
 .comment       0x00000000       0x7a C:/Freescale/CW MCU v10.3/MCU/ARM_GCC_Support/ewl/lib/armv6-m\libc.a(memcpy.o)
 .comment       0x00000000       0x7a C:/Freescale/CW MCU v10.3/MCU/ARM_GCC_Support/ewl/lib/armv6-m\libc.a(strchr.o)
 .comment       0x00000000       0x7a C:/Freescale/CW MCU v10.3/MCU/ARM_GCC_Support/ewl/lib/armv6-m\librt.a(gcc_ctor_dtor.o)
 .comment       0x00000000       0x7a C:/Freescale/CW MCU v10.3/MCU/ARM_GCC_Support/ewl/lib/armv6-m\librt.a(ROMCopy.o)
 .comment       0x00000000       0x7a C:/Freescale/CW MCU v10.3/MCU/ARM_GCC_Support/ewl/lib/armv6-m\librt.a(__arm_eabi_init.o)

.debug_frame    0x00000000     0x1538
 .debug_frame   0x00000000       0x34 ./Sources/main_c.obj
 .debug_frame   0x00000034       0x48 ./Sources/TFC/TFC_c.obj
 .debug_frame   0x0000007c       0xe8 ./Sources/TFC/TFC_ADC_c.obj
 .debug_frame   0x00000164       0x70 ./Sources/TFC/TFC_ARM_SysTick_c.obj
 .debug_frame   0x000001d4       0x6c ./Sources/TFC/TFC_BoardSupport_c.obj
 .debug_frame   0x00000240      0x390 ./Sources/TFC/TFC_CrystalClock_c.obj
 .debug_frame   0x000005d0       0x50 ./Sources/TFC/TFC_LineScanCamera_c.obj
 .debug_frame   0x00000620       0x54 ./Sources/TFC/TFC_Motor_c.obj
 .debug_frame   0x00000674       0x58 ./Sources/TFC/TFC_Potentiometer_c.obj
 .debug_frame   0x000006cc       0xf4 ./Sources/TFC/TFC_Queue_c.obj
 .debug_frame   0x000007c0       0x90 ./Sources/TFC/TFC_Servo_c.obj
 .debug_frame   0x00000850      0x150 ./Sources/TFC/TFC_Terminal_c.obj
 .debug_frame   0x000009a0       0xe8 ./Sources/TFC/TFC_UART_c.obj
 .debug_frame   0x00000a88       0xcc ./Sources/TFC/TFC_arm_cm0_c.obj
 .debug_frame   0x00000b54       0x30 ./Project_Settings/Startup_Code/__arm_end_c.obj
 .debug_frame   0x00000b84       0x4c ./Project_Settings/Startup_Code/__arm_start_c.obj
 .debug_frame   0x00000bd0       0x48 ./Project_Settings/Startup_Code/kinetis_sysinit_c.obj
 .debug_frame   0x00000c18       0x2c C:/Freescale/CW MCU v10.3/MCU/ARM_GCC_Support/ewl/lib/armv6-m\libc.a(sscanf.o)
 .debug_frame   0x00000c44       0x28 C:/Freescale/CW MCU v10.3/MCU/ARM_GCC_Support/ewl/lib/armv6-m\libc.a(vsprintf.o)
 .debug_frame   0x00000c6c       0x48 C:/Freescale/CW MCU v10.3/MCU/ARM_GCC_Support/ewl/lib/armv6-m\libc.a(vsscanf.o)
 .debug_frame   0x00000cb4       0x2c C:/Freescale/CW MCU v10.3/MCU/ARM_GCC_Support/ewl/lib/armv6-m\libc.a(exit.o)
 .debug_frame   0x00000ce0       0x28 C:/Freescale/CW MCU v10.3/MCU/ARM_GCC_Support/ewl/lib/armv6-m\libc.a(memset.o)
 .debug_frame   0x00000d08       0x28 C:/Freescale/CW MCU v10.3/MCU/ARM_GCC_Support/ewl/lib/armv6-m\libc.a(strcmp.o)
 .debug_frame   0x00000d30       0x28 C:/Freescale/CW MCU v10.3/MCU/ARM_GCC_Support/ewl/lib/armv6-m\libc.a(strcpy.o)
 .debug_frame   0x00000d58       0x28 C:/Freescale/CW MCU v10.3/MCU/ARM_GCC_Support/ewl/lib/armv6-m\libc.a(strlen.o)
 .debug_frame   0x00000d80       0x54 C:/Freescale/CW MCU v10.3/MCU/ARM_GCC_Support/ewl/lib/armv6-m\libc.a(printformat_.o)
 .debug_frame   0x00000dd4       0x34 C:/Freescale/CW MCU v10.3/MCU/ARM_GCC_Support/ewl/lib/armv6-m\libc.a(scanformat_.o)
 .debug_frame   0x00000e08      0x158 C:/Freescale/CW MCU v10.3/MCU/ARM_GCC_Support/ewl/lib/armv6-m\libc.a(ctype_aeabi.o)
 .debug_frame   0x00000f60       0x4c C:/Freescale/CW MCU v10.3/MCU/ARM_GCC_Support/ewl/lib/armv6-m\libc.a(vsnprintf.o)
 .debug_frame   0x00000fac       0x30 C:/Freescale/CW MCU v10.3/MCU/ARM_GCC_Support/ewl/lib/armv6-m\libc.a(__strtoul.o)
 .debug_frame   0x00000fdc       0x2c C:/Freescale/CW MCU v10.3/MCU/ARM_GCC_Support/ewl/lib/armv6-m\libc.a(__filll_mem.o)
 .debug_frame   0x00001008       0x28 C:/Freescale/CW MCU v10.3/MCU/ARM_GCC_Support/ewl/lib/armv6-m\libc.a(memchr.o)
 .debug_frame   0x00001030       0x28 C:/Freescale/CW MCU v10.3/MCU/ARM_GCC_Support/ewl/lib/armv6-m\libc.a(memcpy.o)
 .debug_frame   0x00001058       0x28 C:/Freescale/CW MCU v10.3/MCU/ARM_GCC_Support/ewl/lib/armv6-m\libc.a(strchr.o)
 .debug_frame   0x00001080       0x20 c:/freescale/cw mcu v10.3/cross_tools/arm-none-eabi-gcc-4_6_2/bin/../lib/gcc/arm-none-eabi/4.6.2/armv6-m\libgcc.a(_udivsi3.o)
 .debug_frame   0x000010a0       0x20 c:/freescale/cw mcu v10.3/cross_tools/arm-none-eabi-gcc-4_6_2/bin/../lib/gcc/arm-none-eabi/4.6.2/armv6-m\libgcc.a(_divsi3.o)
 .debug_frame   0x000010c0       0x28 c:/freescale/cw mcu v10.3/cross_tools/arm-none-eabi-gcc-4_6_2/bin/../lib/gcc/arm-none-eabi/4.6.2/armv6-m\libgcc.a(_fixunssfsi.o)
 .debug_frame   0x000010e8       0x3c c:/freescale/cw mcu v10.3/cross_tools/arm-none-eabi-gcc-4_6_2/bin/../lib/gcc/arm-none-eabi/4.6.2/armv6-m\libgcc.a(divsf3.o)
 .debug_frame   0x00001124       0x30 c:/freescale/cw mcu v10.3/cross_tools/arm-none-eabi-gcc-4_6_2/bin/../lib/gcc/arm-none-eabi/4.6.2/armv6-m\libgcc.a(eqsf2.o)
 .debug_frame   0x00001154       0x34 c:/freescale/cw mcu v10.3/cross_tools/arm-none-eabi-gcc-4_6_2/bin/../lib/gcc/arm-none-eabi/4.6.2/armv6-m\libgcc.a(gesf2.o)
 .debug_frame   0x00001188       0x34 c:/freescale/cw mcu v10.3/cross_tools/arm-none-eabi-gcc-4_6_2/bin/../lib/gcc/arm-none-eabi/4.6.2/armv6-m\libgcc.a(lesf2.o)
 .debug_frame   0x000011bc       0x3c c:/freescale/cw mcu v10.3/cross_tools/arm-none-eabi-gcc-4_6_2/bin/../lib/gcc/arm-none-eabi/4.6.2/armv6-m\libgcc.a(mulsf3.o)
 .debug_frame   0x000011f8       0x30 c:/freescale/cw mcu v10.3/cross_tools/arm-none-eabi-gcc-4_6_2/bin/../lib/gcc/arm-none-eabi/4.6.2/armv6-m\libgcc.a(subsf3.o)
 .debug_frame   0x00001228       0x28 c:/freescale/cw mcu v10.3/cross_tools/arm-none-eabi-gcc-4_6_2/bin/../lib/gcc/arm-none-eabi/4.6.2/armv6-m\libgcc.a(fixsfsi.o)
 .debug_frame   0x00001250       0x2c c:/freescale/cw mcu v10.3/cross_tools/arm-none-eabi-gcc-4_6_2/bin/../lib/gcc/arm-none-eabi/4.6.2/armv6-m\libgcc.a(floatsisf.o)
 .debug_frame   0x0000127c       0x2c c:/freescale/cw mcu v10.3/cross_tools/arm-none-eabi-gcc-4_6_2/bin/../lib/gcc/arm-none-eabi/4.6.2/armv6-m\libgcc.a(floatunsisf.o)
 .debug_frame   0x000012a8       0x38 c:/freescale/cw mcu v10.3/cross_tools/arm-none-eabi-gcc-4_6_2/bin/../lib/gcc/arm-none-eabi/4.6.2/armv6-m\libgcc.a(adddf3.o)
 .debug_frame   0x000012e0       0x3c c:/freescale/cw mcu v10.3/cross_tools/arm-none-eabi-gcc-4_6_2/bin/../lib/gcc/arm-none-eabi/4.6.2/armv6-m\libgcc.a(divdf3.o)
 .debug_frame   0x0000131c       0x3c c:/freescale/cw mcu v10.3/cross_tools/arm-none-eabi-gcc-4_6_2/bin/../lib/gcc/arm-none-eabi/4.6.2/armv6-m\libgcc.a(muldf3.o)
 .debug_frame   0x00001358       0x2c c:/freescale/cw mcu v10.3/cross_tools/arm-none-eabi-gcc-4_6_2/bin/../lib/gcc/arm-none-eabi/4.6.2/armv6-m\libgcc.a(floatunsidf.o)
 .debug_frame   0x00001384       0x2c c:/freescale/cw mcu v10.3/cross_tools/arm-none-eabi-gcc-4_6_2/bin/../lib/gcc/arm-none-eabi/4.6.2/armv6-m\libgcc.a(extendsfdf2.o)
 .debug_frame   0x000013b0       0x30 c:/freescale/cw mcu v10.3/cross_tools/arm-none-eabi-gcc-4_6_2/bin/../lib/gcc/arm-none-eabi/4.6.2/armv6-m\libgcc.a(truncdfsf2.o)
 .debug_frame   0x000013e0       0x48 C:/Freescale/CW MCU v10.3/MCU/ARM_GCC_Support/ewl/lib/armv6-m\librt.a(gcc_ctor_dtor.o)
 .debug_frame   0x00001428       0x54 C:/Freescale/CW MCU v10.3/MCU/ARM_GCC_Support/ewl/lib/armv6-m\librt.a(ROMCopy.o)
 .debug_frame   0x0000147c       0xbc C:/Freescale/CW MCU v10.3/MCU/ARM_GCC_Support/ewl/lib/armv6-m\librt.a(__arm_eabi_init.o)
